RAM Allocation
Variable                                                          Address   Size
--------------------------------------------------------------------------------
prtc_get_time                                                     0x0900       2
prtc_get_date                                                     0x0902       2
bufferL                                                           0x0904     256
bufferH                                                           0x0A04     256
NombreArchivo                                                     0x0B04      13
i                                                                 0x0B11       2
br                                                                0x0B13       2
res                                                               0x0B15       2
drive                                                             0x0B17     562
archivo                                                           0x0D49     544
status                                                            0x0F69       1
timer1                                                            0x0F6A       1
timer2                                                            0x0F6B       1
card_type                                                         0x0F6C       1
pv_S100000B000                                                    0x0F6D       1
FatFs                                                             0x0F6E       2
Fsid                                                              0x0F70       2
Drive                                                             0x0F72       1
fatstr_S1010016000                                                0x0F73       4

EEPROM Allocation
Variable                                                          Address   Size
--------------------------------------------------------------------------------

Register Allocation
Variable                                                          Register  Size
--------------------------------------------------------------------------------
LeerBufferH                                                       GPIOR0.0  1bit
LeerBufferL                                                       GPIOR0.1  1bit
