RAM Allocation [bytes]
Variable                                                                          Address   Size
------------------------------------------------------------------------------------------------
prtc_get_time                                                                     0x0900       2
prtc_get_date                                                                     0x0902       2
cursor                                                                            0x0904       1
bufferL                                                                           0x0905     256
bufferH                                                                           0x0A05     256
fileName                                                                          0x0B05      16
text                                                                              0x0B15      16
i                                                                                 0x0B25       2
muestras                                                                          0x0B27       4
inicio                                                                            0x0B2B       4
br                                                                                0x0B2F       2
drive                                                                             0x0B31     562
archivo                                                                           0x0D63     544
name                                                                              0x0F83      16
artist                                                                            0x0F93      16
album                                                                             0x0FA3      16
j                                                                                 0x0FB3       1
status                                                                            0x0FB4       1
timer1                                                                            0x0FB5       1
timer2                                                                            0x0FB6       1
card_type                                                                         0x0FB7       1
flags_S100000C000                                                                 0x0FB8       1
FatFs                                                                             0x0FB9       2
Fsid                                                                              0x0FBB       2
Drive                                                                             0x0FBD       1

EEPROM Allocation [bytes]
Variable                                                                          Address   Size
------------------------------------------------------------------------------------------------

Register Allocation
Variable                                                                          Register  Size
------------------------------------------------------------------------------------------------
LeerBufferH                                                                       GPIOR0.0  1bit
LeerBufferL                                                                       GPIOR0.1  1bit
mono                                                                              GPIOR0.2  1bit

FLASH Allocation [words]
Function                                                                          Address   Size
------------------------------------------------------------------------------------------------
SetupLCD                                                                          0x000D8     44
PulseEn                                                                           0x00104      3
SendDataBitsLCD                                                                   0x00107     27
WriteComandLCD                                                                    0x00122     12
CharLCD                                                                           0x0012E     12
StringLCDVar                                                                      0x0013A     24
EraseLCD                                                                          0x00152      3
MoveCursor                                                                        0x00155     30
timer1_compa_isr                                                                  0x00173     29
timer2_compa_isr                                                                  0x00190     67
GetFrequency                                                                      0x001D3     49
TocaCancion                                                                       0x00204    189
main                                                                              0x002C1    150
crc7_G100                                                                         0x00357     29
wait_ready_G100                                                                   0x00374     25
deselect_card_G100                                                                0x0038D      7
rx_datablock_G100                                                                 0x00394    101
tx_datablock_G100                                                                 0x003F9     67
send_cmd_G100                                                                     0x0043C     99
rx_spi4_G100                                                                      0x0049F     20
disk_initialize                                                                   0x004B3    212
disk_status                                                                       0x00587     10
disk_read                                                                         0x00591    100
disk_write                                                                        0x005F5    119
disk_ioctl                                                                        0x0066C    405
disk_timerproc                                                                    0x00801     54
get_fattime                                                                       0x00837    129
chk_chrf_G101                                                                     0x008B8     23
move_window_G101                                                                  0x008CF    103
sync_G101                                                                         0x00936    106
get_fat                                                                           0x009A0    123
put_fat                                                                           0x00A1B    160
remove_chain_G101                                                                 0x00ABB     96
create_chain_G101                                                                 0x00B1B    203
clust2sect                                                                        0x00BE6     56
dir_seek_G101                                                                     0x00C1E    146
dir_next_G101                                                                     0x00CB0    237
dir_find_G101                                                                     0x00D9D     46
dir_register_G101                                                                 0x00DCB     68
create_name_G101                                                                  0x00E0F    174
follow_path_G101                                                                  0x00EBD    135
check_fs_G101                                                                     0x00F44     50
chk_mounted                                                                       0x00F76    502
validate_G101                                                                     0x0116C     34
f_mount                                                                           0x0118E     48
f_open                                                                            0x011BE    317
f_read                                                                            0x012FB    440
f_sync                                                                            0x014B3    139
f_close                                                                           0x0153E     17
put_buff_G102                                                                     0x0154F     58
_print_G102                                                                       0x01589    316
sprintf                                                                           0x016C5     58
memcmp                                                                            0x016FF     25
memcpy                                                                            0x01718     18
memset                                                                            0x0172A     16
strlen                                                                            0x0173A     12
strlenf                                                                           0x01746     13
