RAM Allocation [bytes]
Variable                                                                          Address   Size
------------------------------------------------------------------------------------------------
prtc_get_time                                                                     0x0900       2
prtc_get_date                                                                     0x0902       2
cursor                                                                            0x0904       1
bufferL                                                                           0x0905     256
bufferH                                                                           0x0A05     256
NombreArchivo                                                                     0x0B05      13
NombreTexto                                                                       0x0B12      15
i                                                                                 0x0B21       2
cancion                                                                           0x0B23       1
br                                                                                0x0B24       2
b                                                                                 0x0B26       2
c                                                                                 0x0B28       2
Nombre                                                                            0x0B2A      20
Artista                                                                           0x0B3E      20
Muestreo                                                                          0x0B52      20
res                                                                               0x0B66       1
drive                                                                             0x0B67     562
archivo                                                                           0x0D99     544
status                                                                            0x0FB9       1
timer1                                                                            0x0FBA       1
timer2                                                                            0x0FBB       1
card_type                                                                         0x0FBC       1
flags_S100000C000                                                                 0x0FBD       1
FatFs                                                                             0x0FBE       2
Fsid                                                                              0x0FC0       2
Drive                                                                             0x0FC2       1

EEPROM Allocation [bytes]
Variable                                                                          Address   Size
------------------------------------------------------------------------------------------------

Register Allocation
Variable                                                                          Register  Size
------------------------------------------------------------------------------------------------
LeerBufferH                                                                       GPIOR0.0  1bit
LeerBufferL                                                                       GPIOR0.1  1bit
mono                                                                              GPIOR0.2  1bit

FLASH Allocation [words]
Function                                                                          Address   Size
------------------------------------------------------------------------------------------------
SetupLCD                                                                          0x000E6     44
PulseEn                                                                           0x00112      3
SendDataBitsLCD                                                                   0x00115     27
WriteComandLCD                                                                    0x00130     12
CharLCD                                                                           0x0013C     12
StringLCD                                                                         0x00148     23
StringLCDVar                                                                      0x0015F     24
EraseLCD                                                                          0x00177      3
MoveCursor                                                                        0x0017A     30
timer1_compa_isr                                                                  0x00198     29
timer2_compa_isr                                                                  0x001B5     67
LeerDatos                                                                         0x001F8    110
LeerFrecuencia                                                                    0x00266     36
TocaCancion                                                                       0x0028A    137
main                                                                              0x00313    116
crc7_G100                                                                         0x00387     29
wait_ready_G100                                                                   0x003A4     25
deselect_card_G100                                                                0x003BD      7
rx_datablock_G100                                                                 0x003C4    101
tx_datablock_G100                                                                 0x00429     67
send_cmd_G100                                                                     0x0046C     99
rx_spi4_G100                                                                      0x004CF     20
disk_initialize                                                                   0x004E3    212
disk_status                                                                       0x005B7     10
disk_read                                                                         0x005C1    100
disk_write                                                                        0x00625    119
disk_ioctl                                                                        0x0069C    405
disk_timerproc                                                                    0x00831     54
get_fattime                                                                       0x00867    129
chk_chrf_G101                                                                     0x008E8     23
move_window_G101                                                                  0x008FF     99
sync_G101                                                                         0x00962    106
get_fat                                                                           0x009CC    123
put_fat                                                                           0x00A47    154
remove_chain_G101                                                                 0x00AE1     90
create_chain_G101                                                                 0x00B3B    203
clust2sect                                                                        0x00C06     56
dir_seek_G101                                                                     0x00C3E    146
dir_next_G101                                                                     0x00CD0    237
dir_find_G101                                                                     0x00DBD     46
dir_register_G101                                                                 0x00DEB     68
create_name_G101                                                                  0x00E2F    174
follow_path_G101                                                                  0x00EDD    135
check_fs_G101                                                                     0x00F64     50
chk_mounted                                                                       0x00F96    492
validate_G101                                                                     0x01182     34
f_mount                                                                           0x011A4     45
f_open                                                                            0x011D1    313
f_read                                                                            0x0130A    431
f_sync                                                                            0x014B9    137
f_close                                                                           0x01542     17
f_lseek                                                                           0x01553    424
put_buff_G102                                                                     0x016FB     58
_print_G102                                                                       0x01735    316
sprintf                                                                           0x01871     58
memcmp                                                                            0x018AB     25
memcpy                                                                            0x018C4     18
memset                                                                            0x018D6     16
strlen                                                                            0x018E6     12
strlenf                                                                           0x018F2     13
