RAM Allocation [bytes]
Variable                                                                          Address   Size
------------------------------------------------------------------------------------------------
prtc_get_time                                                                     0x090B       2
prtc_get_date                                                                     0x090D       2
buffer                                                                            0x090F     256
fileName                                                                          0x0A0F      12
drive                                                                             0x0A1B     562
archivo                                                                           0x0C4D     544
encabezado                                                                        0x0E6D      62
output                                                                            0x0EAB      64
aNum                                                                              0x0EEB       9
status                                                                            0x0EF4       1
timer1                                                                            0x0EF5       1
timer2                                                                            0x0EF6       1
card_type                                                                         0x0EF7       1
flags_S100000C000                                                                 0x0EF8       1
FatFs                                                                             0x0EF9       2
Fsid                                                                              0x0EFB       2
Drive                                                                             0x0EFD       1

EEPROM Allocation [bytes]
Variable                                                                          Address   Size
------------------------------------------------------------------------------------------------

Register Allocation
Variable                                                                          Register  Size
------------------------------------------------------------------------------------------------
cursor                                                                            R4           1
i                                                                                 R5,R6        2
freq                                                                              R7,R8        2
br                                                                                R9,R10       2
j                                                                                 R3           1
d                                                                                 R12          1
c                                                                                 R11          1
u                                                                                 R14          1

FLASH Allocation [words]
Function                                                                          Address   Size
------------------------------------------------------------------------------------------------
SetupLCD                                                                          0x00151     43
PulseEn                                                                           0x0017C      3
SendDataBitsLCD                                                                   0x0017F     27
WriteComandLCD                                                                    0x0019A     12
CharLCD                                                                           0x001A6     12
StringLCD                                                                         0x001B2     21
EraseLCD                                                                          0x001C7      3
MoveCursor                                                                        0x001CA     31
read_adc                                                                          0x001E9     23
frequency                                                                         0x00200     59
scope                                                                             0x0023B     47
timer1_compa_isr                                                                  0x0026A     33
sd_openDrive                                                                      0x0028B     16
sd_closeDrive                                                                     0x0029B     15
getNum                                                                            0x002AA    227
itoa                                                                              0x0038D     35
main                                                                              0x003B0    294
crc7_G100                                                                         0x004D6     29
wait_ready_G100                                                                   0x004F3     25
deselect_card_G100                                                                0x0050C      7
rx_datablock_G100                                                                 0x00513    101
tx_datablock_G100                                                                 0x00578     67
send_cmd_G100                                                                     0x005BB     99
rx_spi4_G100                                                                      0x0061E     20
disk_initialize                                                                   0x00632    207
disk_status                                                                       0x00701     10
disk_read                                                                         0x0070B    100
disk_write                                                                        0x0076F    119
disk_ioctl                                                                        0x007E6    401
disk_timerproc                                                                    0x00977     54
get_fattime                                                                       0x009AD    129
chk_chrf_G101                                                                     0x00A2E     33
move_window_G101                                                                  0x00A4F    104
sync_G101                                                                         0x00AB7    106
get_fat                                                                           0x00B21    123
put_fat                                                                           0x00B9C    160
remove_chain_G101                                                                 0x00C3C     89
create_chain_G101                                                                 0x00C95    193
clust2sect                                                                        0x00D56     56
dir_seek_G101                                                                     0x00D8E    157
dir_next_G101                                                                     0x00E2B    239
dir_find_G101                                                                     0x00F1A     46
dir_register_G101                                                                 0x00F48     68
create_name_G101                                                                  0x00F8C    174
follow_path_G101                                                                  0x0103A    134
check_fs_G101                                                                     0x010C0     50
chk_mounted                                                                       0x010F2    499
validate_G101                                                                     0x012E5     34
f_mount                                                                           0x01307     48
f_open                                                                            0x01337    310
f_read                                                                            0x0146D    364
f_write                                                                           0x015D9    429
f_sync                                                                            0x01786    132
f_close                                                                           0x0180A     17
memcmp                                                                            0x0181B     25
memcpy                                                                            0x01834     18
memset                                                                            0x01846     16
