RAM Allocation [bytes]
Variable                                                                          Address   Size
------------------------------------------------------------------------------------------------
prtc_get_time                                                                     0x090B       2
prtc_get_date                                                                     0x090D       2
buffer                                                                            0x090F     256
fileName                                                                          0x0A0F      12
drive                                                                             0x0A1B     562
archivo                                                                           0x0C4D     544
encabezado                                                                        0x0E6D      62
output                                                                            0x0EAB      64
aNum                                                                              0x0EEB       9
status                                                                            0x0EF4       1
timer1                                                                            0x0EF5       1
timer2                                                                            0x0EF6       1
card_type                                                                         0x0EF7       1
flags_S100000C000                                                                 0x0EF8       1
FatFs                                                                             0x0EF9       2
Fsid                                                                              0x0EFB       2
Drive                                                                             0x0EFD       1

EEPROM Allocation [bytes]
Variable                                                                          Address   Size
------------------------------------------------------------------------------------------------

Register Allocation
Variable                                                                          Register  Size
------------------------------------------------------------------------------------------------
cursor                                                                            R4           1
freq                                                                              R5,R6        2
i                                                                                 R7,R8        2
br                                                                                R9,R10       2
j                                                                                 R3           1
m                                                                                 R12          1
d                                                                                 R11          1
c                                                                                 R14          1
u                                                                                 R13          1

FLASH Allocation [words]
Function                                                                          Address   Size
------------------------------------------------------------------------------------------------
SetupLCD                                                                          0x00158     43
PulseEn                                                                           0x00183      3
SendDataBitsLCD                                                                   0x00186     27
WriteComandLCD                                                                    0x001A1     12
CharLCD                                                                           0x001AD     12
StringLCD                                                                         0x001B9     21
StringLCDVar                                                                      0x001CE     22
EraseLCD                                                                          0x001E4      3
MoveCursor                                                                        0x001E7     31
read_adc                                                                          0x00206     23
getFrequency                                                                      0x0021D     32
scope                                                                             0x0023D     45
timer1_compa_isr                                                                  0x0026A     33
sd_openDrive                                                                      0x0028B     16
sd_closeDrive                                                                     0x0029B     15
getNum                                                                            0x002AA    227
itoa                                                                              0x0038D     49
main                                                                              0x003BE    342
crc7_G100                                                                         0x00514     29
wait_ready_G100                                                                   0x00531     25
deselect_card_G100                                                                0x0054A      7
rx_datablock_G100                                                                 0x00551    101
tx_datablock_G100                                                                 0x005B6     67
send_cmd_G100                                                                     0x005F9     99
rx_spi4_G100                                                                      0x0065C     20
disk_initialize                                                                   0x00670    207
disk_status                                                                       0x0073F     10
disk_read                                                                         0x00749    100
disk_write                                                                        0x007AD    119
disk_ioctl                                                                        0x00824    401
disk_timerproc                                                                    0x009B5     54
get_fattime                                                                       0x009EB    129
chk_chrf_G101                                                                     0x00A6C     23
move_window_G101                                                                  0x00A83    104
sync_G101                                                                         0x00AEB    106
get_fat                                                                           0x00B55    123
put_fat                                                                           0x00BD0    156
remove_chain_G101                                                                 0x00C6C     89
create_chain_G101                                                                 0x00CC5    193
clust2sect                                                                        0x00D86     56
dir_seek_G101                                                                     0x00DBE    157
dir_next_G101                                                                     0x00E5B    239
dir_find_G101                                                                     0x00F4A     46
dir_register_G101                                                                 0x00F78     68
create_name_G101                                                                  0x00FBC    172
follow_path_G101                                                                  0x01068    134
check_fs_G101                                                                     0x010EE     50
chk_mounted                                                                       0x01120    496
validate_G101                                                                     0x01310     34
f_mount                                                                           0x01332     43
f_open                                                                            0x0135D    310
f_read                                                                            0x01493    364
f_write                                                                           0x015FF    429
f_sync                                                                            0x017AC    132
f_close                                                                           0x01830     17
put_buff_G102                                                                     0x01841     56
_print_G102                                                                       0x01879    329
sprintf                                                                           0x019C2     58
memcmp                                                                            0x019FC     25
memcpy                                                                            0x01A15     18
memset                                                                            0x01A27     16
strlen                                                                            0x01A37     12
strlenf                                                                           0x01A43     16
