RAM Allocation [bytes]
Variable                                                                          Address   Size
------------------------------------------------------------------------------------------------
prtc_get_time                                                                     0x090B       2
prtc_get_date                                                                     0x090D       2
buffer                                                                            0x090F     256
fileName                                                                          0x0A0F      12
drive                                                                             0x0A1B     562
archivo                                                                           0x0C4D     544
encabezado                                                                        0x0E6D      62
output                                                                            0x0EAB      64
aNum                                                                              0x0EEB       9
status                                                                            0x0EF4       1
timer1                                                                            0x0EF5       1
timer2                                                                            0x0EF6       1
card_type                                                                         0x0EF7       1
flags_S100000C000                                                                 0x0EF8       1
FatFs                                                                             0x0EF9       2
Fsid                                                                              0x0EFB       2
Drive                                                                             0x0EFD       1

EEPROM Allocation [bytes]
Variable                                                                          Address   Size
------------------------------------------------------------------------------------------------

Register Allocation
Variable                                                                          Register  Size
------------------------------------------------------------------------------------------------
cursor                                                                            R4           1
i                                                                                 R5,R6        2
freq                                                                              R7,R8        2
br                                                                                R9,R10       2
j                                                                                 R3           1
d                                                                                 R12          1
c                                                                                 R11          1
u                                                                                 R14          1

FLASH Allocation [words]
Function                                                                          Address   Size
------------------------------------------------------------------------------------------------
SetupLCD                                                                          0x00151     43
PulseEn                                                                           0x0017C      3
SendDataBitsLCD                                                                   0x0017F     27
WriteComandLCD                                                                    0x0019A     12
CharLCD                                                                           0x001A6     12
StringLCD                                                                         0x001B2     21
EraseLCD                                                                          0x001C7      3
MoveCursor                                                                        0x001CA     31
read_adc                                                                          0x001E9     23
frequency                                                                         0x00200     59
scope                                                                             0x0023B     47
timer1_compa_isr                                                                  0x0026A     33
sd_openDrive                                                                      0x0028B     16
sd_closeDrive                                                                     0x0029B     15
getNum                                                                            0x002AA    227
itoa                                                                              0x0038D     35
main                                                                              0x003B0    274
crc7_G100                                                                         0x004C2     29
wait_ready_G100                                                                   0x004DF     25
deselect_card_G100                                                                0x004F8      7
rx_datablock_G100                                                                 0x004FF    101
tx_datablock_G100                                                                 0x00564     67
send_cmd_G100                                                                     0x005A7     99
rx_spi4_G100                                                                      0x0060A     20
disk_initialize                                                                   0x0061E    207
disk_status                                                                       0x006ED     10
disk_read                                                                         0x006F7    100
disk_write                                                                        0x0075B    119
disk_ioctl                                                                        0x007D2    401
disk_timerproc                                                                    0x00963     54
get_fattime                                                                       0x00999    129
chk_chrf_G101                                                                     0x00A1A     33
move_window_G101                                                                  0x00A3B    104
sync_G101                                                                         0x00AA3    106
get_fat                                                                           0x00B0D    123
put_fat                                                                           0x00B88    160
remove_chain_G101                                                                 0x00C28     89
create_chain_G101                                                                 0x00C81    193
clust2sect                                                                        0x00D42     56
dir_seek_G101                                                                     0x00D7A    157
dir_next_G101                                                                     0x00E17    239
dir_find_G101                                                                     0x00F06     46
dir_register_G101                                                                 0x00F34     68
create_name_G101                                                                  0x00F78    174
follow_path_G101                                                                  0x01026    134
check_fs_G101                                                                     0x010AC     50
chk_mounted                                                                       0x010DE    499
validate_G101                                                                     0x012D1     34
f_mount                                                                           0x012F3     48
f_open                                                                            0x01323    310
f_read                                                                            0x01459    364
f_write                                                                           0x015C5    429
f_sync                                                                            0x01772    132
f_close                                                                           0x017F6     17
memcmp                                                                            0x01807     25
memcpy                                                                            0x01820     18
memset                                                                            0x01832     16
