RAM Allocation [bytes]
Variable                                                                          Address   Size
------------------------------------------------------------------------------------------------

EEPROM Allocation [bytes]
Variable                                                                          Address   Size
------------------------------------------------------------------------------------------------

Register Allocation
Variable                                                                          Register  Size
------------------------------------------------------------------------------------------------

FLASH Allocation [words]
Function                                                                          Address   Size
------------------------------------------------------------------------------------------------
read_adc                                                                          0x00076     27
main                                                                              0x00091     42
putchar                                                                           0x000BB     10
put_usart_G100                                                                    0x000C5     13
_print_G100                                                                       0x000D2    308
printf                                                                            0x00206     37
strlen                                                                            0x0022B     12
strlenf                                                                           0x00237     13
