
AVRASM ver. 2.1.30  D:\JavierJr\Documents\ISD\FebJun20\LabMicrocontroladores\CodeVision\P07_Processing\E03\Debug\List\e03.asm Tue May 12 18:24:08 2020

                 
                 
                 ;CodeVisionAVR C Compiler V3.12 Advanced
                 ;(C) Copyright 1998-2014 Pavel Haiduc, HP InfoTech s.r.l.
                 ;http://www.hpinfotech.com
                 
                 ;Build configuration    : Debug
                 ;Chip type              : AT90USB1286
                 ;Program type           : Application
                 ;Clock frequency        : 2.000000 MHz
                 ;Memory model           : Small
                 ;Optimize for           : Size
                 ;(s)printf features     : int, width
                 ;(s)scanf features      : int, width
                 ;External RAM size      : 0
                 ;Data Stack size        : 2048 byte(s)
                 ;Heap size              : 0 byte(s)
                 ;Promote 'char' to 'int': Yes
                 ;'char' is unsigned     : Yes
                 ;8 bit enums            : Yes
                 ;Global 'const' stored in FLASH: No
                 ;Enhanced function parameter passing: Yes
                 ;Enhanced core instructions: On
                 ;Automatic register allocation for global variables: On
                 ;Smart register allocation: On
                 
                 	#define _MODEL_SMALL_
                 
                 	#pragma AVRPART ADMIN PART_NAME AT90USB1286
                 	#pragma AVRPART MEMORY PROG_FLASH 131072
                 	#pragma AVRPART MEMORY EEPROM 4096
                 	#pragma AVRPART MEMORY INT_SRAM SIZE 8192
                 	#pragma AVRPART MEMORY INT_SRAM START_ADDR 0x100
                 
                 	#define CALL_SUPPORTED 1
                 
                 	.LISTMAC
                 	.EQU EERE=0x0
                 	.EQU EEWE=0x1
                 	.EQU EEMWE=0x2
                 	.EQU UDRE=0x5
                 	.EQU RXC=0x7
                 	.EQU EECR=0x1F
                 	.EQU EEDR=0x20
                 	.EQU EEARL=0x21
                 	.EQU EEARH=0x22
                 	.EQU SPSR=0x2D
                 	.EQU SPDR=0x2E
                 	.EQU SMCR=0x33
                 	.EQU MCUSR=0x34
                 	.EQU MCUCR=0x35
                 	.EQU RAMPZ=0x3B
                 	.EQU WDTCSR=0x60
                 	.EQU UCSR1A=0xC8
                 	.EQU UDR1=0xCE
                 	.EQU SPL=0x3D
                 	.EQU SPH=0x3E
                 	.EQU SREG=0x3F
                 	.EQU GPIOR0=0x1E
                 
                 	.DEF R0X0=R0
                 	.DEF R0X1=R1
                 	.DEF R0X2=R2
                 	.DEF R0X3=R3
                 	.DEF R0X4=R4
                 	.DEF R0X5=R5
                 	.DEF R0X6=R6
                 	.DEF R0X7=R7
                 	.DEF R0X8=R8
                 	.DEF R0X9=R9
                 	.DEF R0XA=R10
                 	.DEF R0XB=R11
                 	.DEF R0XC=R12
                 	.DEF R0XD=R13
                 	.DEF R0XE=R14
                 	.DEF R0XF=R15
                 	.DEF R0X10=R16
                 	.DEF R0X11=R17
                 	.DEF R0X12=R18
                 	.DEF R0X13=R19
                 	.DEF R0X14=R20
                 	.DEF R0X15=R21
                 	.DEF R0X16=R22
                 	.DEF R0X17=R23
                 	.DEF R0X18=R24
                 	.DEF R0X19=R25
                 	.DEF R0X1A=R26
                 	.DEF R0X1B=R27
                 	.DEF R0X1C=R28
                 	.DEF R0X1D=R29
                 	.DEF R0X1E=R30
                 	.DEF R0X1F=R31
                 
                 	.EQU __SRAM_START=0x0100
                 	.EQU __SRAM_END=0x20FF
                 	.EQU __DSTACK_SIZE=0x0800
                 	.EQU __HEAP_SIZE=0x0000
                 	.EQU __CLEAR_SRAM_SIZE=__SRAM_END-__SRAM_START+1
                 
                 	.MACRO __CPD1N
                 	CPI  R30,LOW(@0)
                 	LDI  R26,HIGH(@0)
                 	CPC  R31,R26
                 	LDI  R26,BYTE3(@0)
                 	CPC  R22,R26
                 	LDI  R26,BYTE4(@0)
                 	CPC  R23,R26
                 	.ENDM
                 
                 	.MACRO __CPD2N
                 	CPI  R26,LOW(@0)
                 	LDI  R30,HIGH(@0)
                 	CPC  R27,R30
                 	LDI  R30,BYTE3(@0)
                 	CPC  R24,R30
                 	LDI  R30,BYTE4(@0)
                 	CPC  R25,R30
                 	.ENDM
                 
                 	.MACRO __CPWRR
                 	CP   R@0,R@2
                 	CPC  R@1,R@3
                 	.ENDM
                 
                 	.MACRO __CPWRN
                 	CPI  R@0,LOW(@2)
                 	LDI  R30,HIGH(@2)
                 	CPC  R@1,R30
                 	.ENDM
                 
                 	.MACRO __ADDB1MN
                 	SUBI R30,LOW(-@0-(@1))
                 	.ENDM
                 
                 	.MACRO __ADDB2MN
                 	SUBI R26,LOW(-@0-(@1))
                 	.ENDM
                 
                 	.MACRO __ADDW1MN
                 	SUBI R30,LOW(-@0-(@1))
                 	SBCI R31,HIGH(-@0-(@1))
                 	.ENDM
                 
                 	.MACRO __ADDW2MN
                 	SUBI R26,LOW(-@0-(@1))
                 	SBCI R27,HIGH(-@0-(@1))
                 	.ENDM
                 
                 	.MACRO __ADDW1FN
                 	SUBI R30,LOW(-2*@0-(@1))
                 	SBCI R31,HIGH(-2*@0-(@1))
                 	.ENDM
                 
                 	.MACRO __ADDD1FN
                 	SUBI R30,LOW(-2*@0-(@1))
                 	SBCI R31,HIGH(-2*@0-(@1))
                 	SBCI R22,BYTE3(-2*@0-(@1))
                 	.ENDM
                 
                 	.MACRO __ADDD1N
                 	SUBI R30,LOW(-@0)
                 	SBCI R31,HIGH(-@0)
                 	SBCI R22,BYTE3(-@0)
                 	SBCI R23,BYTE4(-@0)
                 	.ENDM
                 
                 	.MACRO __ADDD2N
                 	SUBI R26,LOW(-@0)
                 	SBCI R27,HIGH(-@0)
                 	SBCI R24,BYTE3(-@0)
                 	SBCI R25,BYTE4(-@0)
                 	.ENDM
                 
                 	.MACRO __SUBD1N
                 	SUBI R30,LOW(@0)
                 	SBCI R31,HIGH(@0)
                 	SBCI R22,BYTE3(@0)
                 	SBCI R23,BYTE4(@0)
                 	.ENDM
                 
                 	.MACRO __SUBD2N
                 	SUBI R26,LOW(@0)
                 	SBCI R27,HIGH(@0)
                 	SBCI R24,BYTE3(@0)
                 	SBCI R25,BYTE4(@0)
                 	.ENDM
                 
                 	.MACRO __ANDBMNN
                 	LDS  R30,@0+(@1)
                 	ANDI R30,LOW(@2)
                 	STS  @0+(@1),R30
                 	.ENDM
                 
                 	.MACRO __ANDWMNN
                 	LDS  R30,@0+(@1)
                 	ANDI R30,LOW(@2)
                 	STS  @0+(@1),R30
                 	LDS  R30,@0+(@1)+1
                 	ANDI R30,HIGH(@2)
                 	STS  @0+(@1)+1,R30
                 	.ENDM
                 
                 	.MACRO __ANDD1N
                 	ANDI R30,LOW(@0)
                 	ANDI R31,HIGH(@0)
                 	ANDI R22,BYTE3(@0)
                 	ANDI R23,BYTE4(@0)
                 	.ENDM
                 
                 	.MACRO __ANDD2N
                 	ANDI R26,LOW(@0)
                 	ANDI R27,HIGH(@0)
                 	ANDI R24,BYTE3(@0)
                 	ANDI R25,BYTE4(@0)
                 	.ENDM
                 
                 	.MACRO __ORBMNN
                 	LDS  R30,@0+(@1)
                 	ORI  R30,LOW(@2)
                 	STS  @0+(@1),R30
                 	.ENDM
                 
                 	.MACRO __ORWMNN
                 	LDS  R30,@0+(@1)
                 	ORI  R30,LOW(@2)
                 	STS  @0+(@1),R30
                 	LDS  R30,@0+(@1)+1
                 	ORI  R30,HIGH(@2)
                 	STS  @0+(@1)+1,R30
                 	.ENDM
                 
                 	.MACRO __ORD1N
                 	ORI  R30,LOW(@0)
                 	ORI  R31,HIGH(@0)
                 	ORI  R22,BYTE3(@0)
                 	ORI  R23,BYTE4(@0)
                 	.ENDM
                 
                 	.MACRO __ORD2N
                 	ORI  R26,LOW(@0)
                 	ORI  R27,HIGH(@0)
                 	ORI  R24,BYTE3(@0)
                 	ORI  R25,BYTE4(@0)
                 	.ENDM
                 
                 	.MACRO __DELAY_USB
                 	LDI  R24,LOW(@0)
                 __DELAY_USB_LOOP:
                 	DEC  R24
                 	BRNE __DELAY_USB_LOOP
                 	.ENDM
                 
                 	.MACRO __DELAY_USW
                 	LDI  R24,LOW(@0)
                 	LDI  R25,HIGH(@0)
                 __DELAY_USW_LOOP:
                 	SBIW R24,1
                 	BRNE __DELAY_USW_LOOP
                 	.ENDM
                 
                 	.MACRO __GETD1S
                 	LDD  R30,Y+@0
                 	LDD  R31,Y+@0+1
                 	LDD  R22,Y+@0+2
                 	LDD  R23,Y+@0+3
                 	.ENDM
                 
                 	.MACRO __GETD2S
                 	LDD  R26,Y+@0
                 	LDD  R27,Y+@0+1
                 	LDD  R24,Y+@0+2
                 	LDD  R25,Y+@0+3
                 	.ENDM
                 
                 	.MACRO __PUTD1S
                 	STD  Y+@0,R30
                 	STD  Y+@0+1,R31
                 	STD  Y+@0+2,R22
                 	STD  Y+@0+3,R23
                 	.ENDM
                 
                 	.MACRO __PUTD2S
                 	STD  Y+@0,R26
                 	STD  Y+@0+1,R27
                 	STD  Y+@0+2,R24
                 	STD  Y+@0+3,R25
                 	.ENDM
                 
                 	.MACRO __PUTDZ2
                 	STD  Z+@0,R26
                 	STD  Z+@0+1,R27
                 	STD  Z+@0+2,R24
                 	STD  Z+@0+3,R25
                 	.ENDM
                 
                 	.MACRO __CLRD1S
                 	STD  Y+@0,R30
                 	STD  Y+@0+1,R30
                 	STD  Y+@0+2,R30
                 	STD  Y+@0+3,R30
                 	.ENDM
                 
                 	.MACRO __POINTB1MN
                 	LDI  R30,LOW(@0+(@1))
                 	.ENDM
                 
                 	.MACRO __POINTW1MN
                 	LDI  R30,LOW(@0+(@1))
                 	LDI  R31,HIGH(@0+(@1))
                 	.ENDM
                 
                 	.MACRO __POINTD1M
                 	LDI  R30,LOW(@0)
                 	LDI  R31,HIGH(@0)
                 	LDI  R22,BYTE3(@0)
                 	LDI  R23,BYTE4(@0)
                 	.ENDM
                 
                 	.MACRO __POINTW1FN
                 	LDI  R30,LOW(2*@0+(@1))
                 	LDI  R31,HIGH(2*@0+(@1))
                 	.ENDM
                 
                 	.MACRO __POINTD1FN
                 	LDI  R30,LOW(2*@0+(@1))
                 	LDI  R31,HIGH(2*@0+(@1))
                 	LDI  R22,BYTE3(2*@0+(@1))
                 	LDI  R23,BYTE4(2*@0+(@1))
                 	.ENDM
                 
                 	.MACRO __POINTB2MN
                 	LDI  R26,LOW(@0+(@1))
                 	.ENDM
                 
                 	.MACRO __POINTW2MN
                 	LDI  R26,LOW(@0+(@1))
                 	LDI  R27,HIGH(@0+(@1))
                 	.ENDM
                 
                 	.MACRO __POINTW2FN
                 	LDI  R26,LOW(2*@0+(@1))
                 	LDI  R27,HIGH(2*@0+(@1))
                 	.ENDM
                 
                 	.MACRO __POINTD2FN
                 	LDI  R26,LOW(2*@0+(@1))
                 	LDI  R27,HIGH(2*@0+(@1))
                 	LDI  R24,BYTE3(2*@0+(@1))
                 	LDI  R25,BYTE4(2*@0+(@1))
                 	.ENDM
                 
                 	.MACRO __POINTBRM
                 	LDI  R@0,LOW(@1)
                 	.ENDM
                 
                 	.MACRO __POINTWRM
                 	LDI  R@0,LOW(@2)
                 	LDI  R@1,HIGH(@2)
                 	.ENDM
                 
                 	.MACRO __POINTBRMN
                 	LDI  R@0,LOW(@1+(@2))
                 	.ENDM
                 
                 	.MACRO __POINTWRMN
                 	LDI  R@0,LOW(@2+(@3))
                 	LDI  R@1,HIGH(@2+(@3))
                 	.ENDM
                 
                 	.MACRO __POINTWRFN
                 	LDI  R@0,LOW(@2*2+(@3))
                 	LDI  R@1,HIGH(@2*2+(@3))
                 	.ENDM
                 
                 	.MACRO __GETD1N
                 	LDI  R30,LOW(@0)
                 	LDI  R31,HIGH(@0)
                 	LDI  R22,BYTE3(@0)
                 	LDI  R23,BYTE4(@0)
                 	.ENDM
                 
                 	.MACRO __GETD2N
                 	LDI  R26,LOW(@0)
                 	LDI  R27,HIGH(@0)
                 	LDI  R24,BYTE3(@0)
                 	LDI  R25,BYTE4(@0)
                 	.ENDM
                 
                 	.MACRO __GETB1MN
                 	LDS  R30,@0+(@1)
                 	.ENDM
                 
                 	.MACRO __GETB1HMN
                 	LDS  R31,@0+(@1)
                 	.ENDM
                 
                 	.MACRO __GETW1MN
                 	LDS  R30,@0+(@1)
                 	LDS  R31,@0+(@1)+1
                 	.ENDM
                 
                 	.MACRO __GETD1MN
                 	LDS  R30,@0+(@1)
                 	LDS  R31,@0+(@1)+1
                 	LDS  R22,@0+(@1)+2
                 	LDS  R23,@0+(@1)+3
                 	.ENDM
                 
                 	.MACRO __GETBRMN
                 	LDS  R@0,@1+(@2)
                 	.ENDM
                 
                 	.MACRO __GETWRMN
                 	LDS  R@0,@2+(@3)
                 	LDS  R@1,@2+(@3)+1
                 	.ENDM
                 
                 	.MACRO __GETWRZ
                 	LDD  R@0,Z+@2
                 	LDD  R@1,Z+@2+1
                 	.ENDM
                 
                 	.MACRO __GETD2Z
                 	LDD  R26,Z+@0
                 	LDD  R27,Z+@0+1
                 	LDD  R24,Z+@0+2
                 	LDD  R25,Z+@0+3
                 	.ENDM
                 
                 	.MACRO __GETB2MN
                 	LDS  R26,@0+(@1)
                 	.ENDM
                 
                 	.MACRO __GETW2MN
                 	LDS  R26,@0+(@1)
                 	LDS  R27,@0+(@1)+1
                 	.ENDM
                 
                 	.MACRO __GETD2MN
                 	LDS  R26,@0+(@1)
                 	LDS  R27,@0+(@1)+1
                 	LDS  R24,@0+(@1)+2
                 	LDS  R25,@0+(@1)+3
                 	.ENDM
                 
                 	.MACRO __PUTB1MN
                 	STS  @0+(@1),R30
                 	.ENDM
                 
                 	.MACRO __PUTW1MN
                 	STS  @0+(@1),R30
                 	STS  @0+(@1)+1,R31
                 	.ENDM
                 
                 	.MACRO __PUTD1MN
                 	STS  @0+(@1),R30
                 	STS  @0+(@1)+1,R31
                 	STS  @0+(@1)+2,R22
                 	STS  @0+(@1)+3,R23
                 	.ENDM
                 
                 	.MACRO __PUTB1EN
                 	LDI  R26,LOW(@0+(@1))
                 	LDI  R27,HIGH(@0+(@1))
                 	CALL __EEPROMWRB
                 	.ENDM
                 
                 	.MACRO __PUTW1EN
                 	LDI  R26,LOW(@0+(@1))
                 	LDI  R27,HIGH(@0+(@1))
                 	CALL __EEPROMWRW
                 	.ENDM
                 
                 	.MACRO __PUTD1EN
                 	LDI  R26,LOW(@0+(@1))
                 	LDI  R27,HIGH(@0+(@1))
                 	CALL __EEPROMWRD
                 	.ENDM
                 
                 	.MACRO __PUTBR0MN
                 	STS  @0+(@1),R0
                 	.ENDM
                 
                 	.MACRO __PUTBMRN
                 	STS  @0+(@1),R@2
                 	.ENDM
                 
                 	.MACRO __PUTWMRN
                 	STS  @0+(@1),R@2
                 	STS  @0+(@1)+1,R@3
                 	.ENDM
                 
                 	.MACRO __PUTBZR
                 	STD  Z+@1,R@0
                 	.ENDM
                 
                 	.MACRO __PUTWZR
                 	STD  Z+@2,R@0
                 	STD  Z+@2+1,R@1
                 	.ENDM
                 
                 	.MACRO __GETW1R
                 	MOV  R30,R@0
                 	MOV  R31,R@1
                 	.ENDM
                 
                 	.MACRO __GETW2R
                 	MOV  R26,R@0
                 	MOV  R27,R@1
                 	.ENDM
                 
                 	.MACRO __GETWRN
                 	LDI  R@0,LOW(@2)
                 	LDI  R@1,HIGH(@2)
                 	.ENDM
                 
                 	.MACRO __PUTW1R
                 	MOV  R@0,R30
                 	MOV  R@1,R31
                 	.ENDM
                 
                 	.MACRO __PUTW2R
                 	MOV  R@0,R26
                 	MOV  R@1,R27
                 	.ENDM
                 
                 	.MACRO __ADDWRN
                 	SUBI R@0,LOW(-@2)
                 	SBCI R@1,HIGH(-@2)
                 	.ENDM
                 
                 	.MACRO __ADDWRR
                 	ADD  R@0,R@2
                 	ADC  R@1,R@3
                 	.ENDM
                 
                 	.MACRO __SUBWRN
                 	SUBI R@0,LOW(@2)
                 	SBCI R@1,HIGH(@2)
                 	.ENDM
                 
                 	.MACRO __SUBWRR
                 	SUB  R@0,R@2
                 	SBC  R@1,R@3
                 	.ENDM
                 
                 	.MACRO __ANDWRN
                 	ANDI R@0,LOW(@2)
                 	ANDI R@1,HIGH(@2)
                 	.ENDM
                 
                 	.MACRO __ANDWRR
                 	AND  R@0,R@2
                 	AND  R@1,R@3
                 	.ENDM
                 
                 	.MACRO __ORWRN
                 	ORI  R@0,LOW(@2)
                 	ORI  R@1,HIGH(@2)
                 	.ENDM
                 
                 	.MACRO __ORWRR
                 	OR   R@0,R@2
                 	OR   R@1,R@3
                 	.ENDM
                 
                 	.MACRO __EORWRR
                 	EOR  R@0,R@2
                 	EOR  R@1,R@3
                 	.ENDM
                 
                 	.MACRO __GETWRS
                 	LDD  R@0,Y+@2
                 	LDD  R@1,Y+@2+1
                 	.ENDM
                 
                 	.MACRO __PUTBSR
                 	STD  Y+@1,R@0
                 	.ENDM
                 
                 	.MACRO __PUTWSR
                 	STD  Y+@2,R@0
                 	STD  Y+@2+1,R@1
                 	.ENDM
                 
                 	.MACRO __MOVEWRR
                 	MOV  R@0,R@2
                 	MOV  R@1,R@3
                 	.ENDM
                 
                 	.MACRO __INWR
                 	IN   R@0,@2
                 	IN   R@1,@2+1
                 	.ENDM
                 
                 	.MACRO __OUTWR
                 	OUT  @2+1,R@1
                 	OUT  @2,R@0
                 	.ENDM
                 
                 	.MACRO __CALL1MN
                 	LDS  R30,@0+(@1)
                 	LDS  R31,@0+(@1)+1
                 	ICALL
                 	.ENDM
                 
                 	.MACRO __CALL1FN
                 	LDI  R30,LOW(2*@0+(@1))
                 	LDI  R31,HIGH(2*@0+(@1))
                 	CALL __GETW1PF
                 	ICALL
                 	.ENDM
                 
                 	.MACRO __CALL2EN
                 	PUSH R26
                 	PUSH R27
                 	LDI  R26,LOW(@0+(@1))
                 	LDI  R27,HIGH(@0+(@1))
                 	CALL __EEPROMRDW
                 	POP  R27
                 	POP  R26
                 	ICALL
                 	.ENDM
                 
                 	.MACRO __CALL2EX
                 	SUBI R26,LOW(-@0)
                 	SBCI R27,HIGH(-@0)
                 	CALL __EEPROMRDD
                 	ICALL
                 	.ENDM
                 
                 	.MACRO __GETW1STACK
                 	IN   R30,SPL
                 	IN   R31,SPH
                 	ADIW R30,@0+1
                 	LD   R0,Z+
                 	LD   R31,Z
                 	MOV  R30,R0
                 	.ENDM
                 
                 	.MACRO __GETD1STACK
                 	IN   R30,SPL
                 	IN   R31,SPH
                 	ADIW R30,@0+1
                 	LD   R0,Z+
                 	LD   R1,Z+
                 	LD   R22,Z
                 	MOVW R30,R0
                 	.ENDM
                 
                 	.MACRO __NBST
                 	BST  R@0,@1
                 	IN   R30,SREG
                 	LDI  R31,0x40
                 	EOR  R30,R31
                 	OUT  SREG,R30
                 	.ENDM
                 
                 
                 	.MACRO __PUTB1SN
                 	LDD  R26,Y+@0
                 	LDD  R27,Y+@0+1
                 	SUBI R26,LOW(-@1)
                 	SBCI R27,HIGH(-@1)
                 	ST   X,R30
                 	.ENDM
                 
                 	.MACRO __PUTW1SN
                 	LDD  R26,Y+@0
                 	LDD  R27,Y+@0+1
                 	SUBI R26,LOW(-@1)
                 	SBCI R27,HIGH(-@1)
                 	ST   X+,R30
                 	ST   X,R31
                 	.ENDM
                 
                 	.MACRO __PUTD1SN
                 	LDD  R26,Y+@0
                 	LDD  R27,Y+@0+1
                 	SUBI R26,LOW(-@1)
                 	SBCI R27,HIGH(-@1)
                 	CALL __PUTDP1
                 	.ENDM
                 
                 	.MACRO __PUTB1SNS
                 	LDD  R26,Y+@0
                 	LDD  R27,Y+@0+1
                 	ADIW R26,@1
                 	ST   X,R30
                 	.ENDM
                 
                 	.MACRO __PUTW1SNS
                 	LDD  R26,Y+@0
                 	LDD  R27,Y+@0+1
                 	ADIW R26,@1
                 	ST   X+,R30
                 	ST   X,R31
                 	.ENDM
                 
                 	.MACRO __PUTD1SNS
                 	LDD  R26,Y+@0
                 	LDD  R27,Y+@0+1
                 	ADIW R26,@1
                 	CALL __PUTDP1
                 	.ENDM
                 
                 	.MACRO __PUTB1PMN
                 	LDS  R26,@0
                 	LDS  R27,@0+1
                 	SUBI R26,LOW(-@1)
                 	SBCI R27,HIGH(-@1)
                 	ST   X,R30
                 	.ENDM
                 
                 	.MACRO __PUTW1PMN
                 	LDS  R26,@0
                 	LDS  R27,@0+1
                 	SUBI R26,LOW(-@1)
                 	SBCI R27,HIGH(-@1)
                 	ST   X+,R30
                 	ST   X,R31
                 	.ENDM
                 
                 	.MACRO __PUTD1PMN
                 	LDS  R26,@0
                 	LDS  R27,@0+1
                 	SUBI R26,LOW(-@1)
                 	SBCI R27,HIGH(-@1)
                 	CALL __PUTDP1
                 	.ENDM
                 
                 	.MACRO __PUTB1PMNS
                 	LDS  R26,@0
                 	LDS  R27,@0+1
                 	ADIW R26,@1
                 	ST   X,R30
                 	.ENDM
                 
                 	.MACRO __PUTW1PMNS
                 	LDS  R26,@0
                 	LDS  R27,@0+1
                 	ADIW R26,@1
                 	ST   X+,R30
                 	ST   X,R31
                 	.ENDM
                 
                 	.MACRO __PUTD1PMNS
                 	LDS  R26,@0
                 	LDS  R27,@0+1
                 	ADIW R26,@1
                 	CALL __PUTDP1
                 	.ENDM
                 
                 	.MACRO __PUTB1RN
                 	MOVW R26,R@0
                 	SUBI R26,LOW(-@1)
                 	SBCI R27,HIGH(-@1)
                 	ST   X,R30
                 	.ENDM
                 
                 	.MACRO __PUTW1RN
                 	MOVW R26,R@0
                 	SUBI R26,LOW(-@1)
                 	SBCI R27,HIGH(-@1)
                 	ST   X+,R30
                 	ST   X,R31
                 	.ENDM
                 
                 	.MACRO __PUTD1RN
                 	MOVW R26,R@0
                 	SUBI R26,LOW(-@1)
                 	SBCI R27,HIGH(-@1)
                 	CALL __PUTDP1
                 	.ENDM
                 
                 	.MACRO __PUTB1RNS
                 	MOVW R26,R@0
                 	ADIW R26,@1
                 	ST   X,R30
                 	.ENDM
                 
                 	.MACRO __PUTW1RNS
                 	MOVW R26,R@0
                 	ADIW R26,@1
                 	ST   X+,R30
                 	ST   X,R31
                 	.ENDM
                 
                 	.MACRO __PUTD1RNS
                 	MOVW R26,R@0
                 	ADIW R26,@1
                 	CALL __PUTDP1
                 	.ENDM
                 
                 	.MACRO __PUTB1RON
                 	MOV  R26,R@0
                 	MOV  R27,R@1
                 	SUBI R26,LOW(-@2)
                 	SBCI R27,HIGH(-@2)
                 	ST   X,R30
                 	.ENDM
                 
                 	.MACRO __PUTW1RON
                 	MOV  R26,R@0
                 	MOV  R27,R@1
                 	SUBI R26,LOW(-@2)
                 	SBCI R27,HIGH(-@2)
                 	ST   X+,R30
                 	ST   X,R31
                 	.ENDM
                 
                 	.MACRO __PUTD1RON
                 	MOV  R26,R@0
                 	MOV  R27,R@1
                 	SUBI R26,LOW(-@2)
                 	SBCI R27,HIGH(-@2)
                 	CALL __PUTDP1
                 	.ENDM
                 
                 	.MACRO __PUTB1RONS
                 	MOV  R26,R@0
                 	MOV  R27,R@1
                 	ADIW R26,@2
                 	ST   X,R30
                 	.ENDM
                 
                 	.MACRO __PUTW1RONS
                 	MOV  R26,R@0
                 	MOV  R27,R@1
                 	ADIW R26,@2
                 	ST   X+,R30
                 	ST   X,R31
                 	.ENDM
                 
                 	.MACRO __PUTD1RONS
                 	MOV  R26,R@0
                 	MOV  R27,R@1
                 	ADIW R26,@2
                 	CALL __PUTDP1
                 	.ENDM
                 
                 
                 	.MACRO __GETB1SX
                 	MOVW R30,R28
                 	SUBI R30,LOW(-@0)
                 	SBCI R31,HIGH(-@0)
                 	LD   R30,Z
                 	.ENDM
                 
                 	.MACRO __GETB1HSX
                 	MOVW R30,R28
                 	SUBI R30,LOW(-@0)
                 	SBCI R31,HIGH(-@0)
                 	LD   R31,Z
                 	.ENDM
                 
                 	.MACRO __GETW1SX
                 	MOVW R30,R28
                 	SUBI R30,LOW(-@0)
                 	SBCI R31,HIGH(-@0)
                 	LD   R0,Z+
                 	LD   R31,Z
                 	MOV  R30,R0
                 	.ENDM
                 
                 	.MACRO __GETD1SX
                 	MOVW R30,R28
                 	SUBI R30,LOW(-@0)
                 	SBCI R31,HIGH(-@0)
                 	LD   R0,Z+
                 	LD   R1,Z+
                 	LD   R22,Z+
                 	LD   R23,Z
                 	MOVW R30,R0
                 	.ENDM
                 
                 	.MACRO __GETB2SX
                 	MOVW R26,R28
                 	SUBI R26,LOW(-@0)
                 	SBCI R27,HIGH(-@0)
                 	LD   R26,X
                 	.ENDM
                 
                 	.MACRO __GETW2SX
                 	MOVW R26,R28
                 	SUBI R26,LOW(-@0)
                 	SBCI R27,HIGH(-@0)
                 	LD   R0,X+
                 	LD   R27,X
                 	MOV  R26,R0
                 	.ENDM
                 
                 	.MACRO __GETD2SX
                 	MOVW R26,R28
                 	SUBI R26,LOW(-@0)
                 	SBCI R27,HIGH(-@0)
                 	LD   R0,X+
                 	LD   R1,X+
                 	LD   R24,X+
                 	LD   R25,X
                 	MOVW R26,R0
                 	.ENDM
                 
                 	.MACRO __GETBRSX
                 	MOVW R30,R28
                 	SUBI R30,LOW(-@1)
                 	SBCI R31,HIGH(-@1)
                 	LD   R@0,Z
                 	.ENDM
                 
                 	.MACRO __GETWRSX
                 	MOVW R30,R28
                 	SUBI R30,LOW(-@2)
                 	SBCI R31,HIGH(-@2)
                 	LD   R@0,Z+
                 	LD   R@1,Z
                 	.ENDM
                 
                 	.MACRO __GETBRSX2
                 	MOVW R26,R28
                 	SUBI R26,LOW(-@1)
                 	SBCI R27,HIGH(-@1)
                 	LD   R@0,X
                 	.ENDM
                 
                 	.MACRO __GETWRSX2
                 	MOVW R26,R28
                 	SUBI R26,LOW(-@2)
                 	SBCI R27,HIGH(-@2)
                 	LD   R@0,X+
                 	LD   R@1,X
                 	.ENDM
                 
                 	.MACRO __LSLW8SX
                 	MOVW R30,R28
                 	SUBI R30,LOW(-@0)
                 	SBCI R31,HIGH(-@0)
                 	LD   R31,Z
                 	CLR  R30
                 	.ENDM
                 
                 	.MACRO __PUTB1SX
                 	MOVW R26,R28
                 	SUBI R26,LOW(-@0)
                 	SBCI R27,HIGH(-@0)
                 	ST   X,R30
                 	.ENDM
                 
                 	.MACRO __PUTW1SX
                 	MOVW R26,R28
                 	SUBI R26,LOW(-@0)
                 	SBCI R27,HIGH(-@0)
                 	ST   X+,R30
                 	ST   X,R31
                 	.ENDM
                 
                 	.MACRO __PUTD1SX
                 	MOVW R26,R28
                 	SUBI R26,LOW(-@0)
                 	SBCI R27,HIGH(-@0)
                 	ST   X+,R30
                 	ST   X+,R31
                 	ST   X+,R22
                 	ST   X,R23
                 	.ENDM
                 
                 	.MACRO __CLRW1SX
                 	MOVW R26,R28
                 	SUBI R26,LOW(-@0)
                 	SBCI R27,HIGH(-@0)
                 	ST   X+,R30
                 	ST   X,R30
                 	.ENDM
                 
                 	.MACRO __CLRD1SX
                 	MOVW R26,R28
                 	SUBI R26,LOW(-@0)
                 	SBCI R27,HIGH(-@0)
                 	ST   X+,R30
                 	ST   X+,R30
                 	ST   X+,R30
                 	ST   X,R30
                 	.ENDM
                 
                 	.MACRO __PUTB2SX
                 	MOVW R30,R28
                 	SUBI R30,LOW(-@0)
                 	SBCI R31,HIGH(-@0)
                 	ST   Z,R26
                 	.ENDM
                 
                 	.MACRO __PUTW2SX
                 	MOVW R30,R28
                 	SUBI R30,LOW(-@0)
                 	SBCI R31,HIGH(-@0)
                 	ST   Z+,R26
                 	ST   Z,R27
                 	.ENDM
                 
                 	.MACRO __PUTD2SX
                 	MOVW R30,R28
                 	SUBI R30,LOW(-@0)
                 	SBCI R31,HIGH(-@0)
                 	ST   Z+,R26
                 	ST   Z+,R27
                 	ST   Z+,R24
                 	ST   Z,R25
                 	.ENDM
                 
                 	.MACRO __PUTBSRX
                 	MOVW R30,R28
                 	SUBI R30,LOW(-@1)
                 	SBCI R31,HIGH(-@1)
                 	ST   Z,R@0
                 	.ENDM
                 
                 	.MACRO __PUTWSRX
                 	MOVW R30,R28
                 	SUBI R30,LOW(-@2)
                 	SBCI R31,HIGH(-@2)
                 	ST   Z+,R@0
                 	ST   Z,R@1
                 	.ENDM
                 
                 	.MACRO __PUTB1SNX
                 	MOVW R26,R28
                 	SUBI R26,LOW(-@0)
                 	SBCI R27,HIGH(-@0)
                 	LD   R0,X+
                 	LD   R27,X
                 	MOV  R26,R0
                 	SUBI R26,LOW(-@1)
                 	SBCI R27,HIGH(-@1)
                 	ST   X,R30
                 	.ENDM
                 
                 	.MACRO __PUTW1SNX
                 	MOVW R26,R28
                 	SUBI R26,LOW(-@0)
                 	SBCI R27,HIGH(-@0)
                 	LD   R0,X+
                 	LD   R27,X
                 	MOV  R26,R0
                 	SUBI R26,LOW(-@1)
                 	SBCI R27,HIGH(-@1)
                 	ST   X+,R30
                 	ST   X,R31
                 	.ENDM
                 
                 	.MACRO __PUTD1SNX
                 	MOVW R26,R28
                 	SUBI R26,LOW(-@0)
                 	SBCI R27,HIGH(-@0)
                 	LD   R0,X+
                 	LD   R27,X
                 	MOV  R26,R0
                 	SUBI R26,LOW(-@1)
                 	SBCI R27,HIGH(-@1)
                 	ST   X+,R30
                 	ST   X+,R31
                 	ST   X+,R22
                 	ST   X,R23
                 	.ENDM
                 
                 	.MACRO __MULBRR
                 	MULS R@0,R@1
                 	MOVW R30,R0
                 	.ENDM
                 
                 	.MACRO __MULBRRU
                 	MUL  R@0,R@1
                 	MOVW R30,R0
                 	.ENDM
                 
                 	.MACRO __MULBRR0
                 	MULS R@0,R@1
                 	.ENDM
                 
                 	.MACRO __MULBRRU0
                 	MUL  R@0,R@1
                 	.ENDM
                 
                 	.MACRO __MULBNWRU
                 	LDI  R26,@2
                 	MUL  R26,R@0
                 	MOVW R30,R0
                 	MUL  R26,R@1
                 	ADD  R31,R0
                 	.ENDM
                 
                 ;GPIOR0 INITIALIZATION VALUE
                 	.EQU __GPIOR0_INIT=0x00
                 
                 	.CSEG
                 	.ORG 0x00
                 
                 ;START OF CODE MARKER
                 __START_OF_CODE:
                 
                 ;INTERRUPT VECTORS
000000 940c 0059 	JMP  __RESET
000002 940c 0000 	JMP  0x00
000004 940c 0000 	JMP  0x00
000006 940c 0000 	JMP  0x00
000008 940c 0000 	JMP  0x00
00000a 940c 0000 	JMP  0x00
00000c 940c 0000 	JMP  0x00
00000e 940c 0000 	JMP  0x00
000010 940c 0000 	JMP  0x00
000012 940c 0000 	JMP  0x00
000014 940c 0000 	JMP  0x00
000016 940c 0000 	JMP  0x00
000018 940c 0000 	JMP  0x00
00001a 940c 0000 	JMP  0x00
00001c 940c 0000 	JMP  0x00
00001e 940c 0000 	JMP  0x00
000020 940c 0000 	JMP  0x00
000022 940c 0000 	JMP  0x00
000024 940c 0000 	JMP  0x00
000026 940c 0000 	JMP  0x00
000028 940c 0000 	JMP  0x00
00002a 940c 0000 	JMP  0x00
00002c 940c 0000 	JMP  0x00
00002e 940c 0000 	JMP  0x00
000030 940c 0000 	JMP  0x00
000032 940c 0000 	JMP  0x00
000034 940c 0000 	JMP  0x00
000036 940c 0000 	JMP  0x00
000038 940c 0000 	JMP  0x00
00003a 940c 0000 	JMP  0x00
00003c 940c 0000 	JMP  0x00
00003e 940c 0000 	JMP  0x00
000040 940c 0000 	JMP  0x00
000042 940c 0000 	JMP  0x00
000044 940c 0000 	JMP  0x00
000046 940c 0000 	JMP  0x00
000048 940c 0000 	JMP  0x00
00004a 940c 0000 	JMP  0x00
                 
                 _tbl10_G100:
00004c 2710
00004d 03e8
00004e 0064
00004f 000a      	.DB  0x10,0x27,0xE8,0x3,0x64,0x0,0xA,0x0
000050 0001      	.DB  0x1,0x0
                 _tbl16_G100:
000051 1000
000052 0100
000053 0010
000054 0001      	.DB  0x0,0x10,0x0,0x1,0x10,0x0,0x1,0x0
                 
                 _0x0:
000055 6325
000056 6e2f
000057 722f
D:\JavierJr\Documents\ISD\FebJun20\LabMicrocontroladores\CodeVision\P07_Processing\E03\Debug\List\e03.asm(1146): warning: .cseg .db misalignment - padding zero byte
000058 0000      	.DB  0x25,0x63,0x2F,0x6E,0x2F,0x72,0x0
                 __RESET:
000059 94f8      	CLI
00005a 27ee      	CLR  R30
00005b bbef      	OUT  EECR,R30
                 
                 ;INTERRUPT VECTORS ARE PLACED
                 ;AT THE START OF FLASH
00005c e0f1      	LDI  R31,1
00005d bff5      	OUT  MCUCR,R31
00005e bfe5      	OUT  MCUCR,R30
                 
                 ;CLEAR R2-R14
00005f e08d      	LDI  R24,(14-2)+1
000060 e0a2      	LDI  R26,2
000061 27bb      	CLR  R27
                 __CLEAR_REG:
000062 93ed      	ST   X+,R30
000063 958a      	DEC  R24
000064 f7e9      	BRNE __CLEAR_REG
                 
                 ;CLEAR SRAM
000065 e080      	LDI  R24,LOW(__CLEAR_SRAM_SIZE)
000066 e290      	LDI  R25,HIGH(__CLEAR_SRAM_SIZE)
000067 e0a0      	LDI  R26,LOW(__SRAM_START)
000068 e0b1      	LDI  R27,HIGH(__SRAM_START)
                 __CLEAR_SRAM:
000069 93ed      	ST   X+,R30
00006a 9701      	SBIW R24,1
00006b f7e9      	BRNE __CLEAR_SRAM
                 
00006c bf8b      	OUT  RAMPZ,R24
                 
                 ;GPIOR0 INITIALIZATION
00006d e0e0      	LDI  R30,__GPIOR0_INIT
00006e bbee      	OUT  GPIOR0,R30
                 
                 ;HARDWARE STACK POINTER INITIALIZATION
00006f efef      	LDI  R30,LOW(__SRAM_END-__HEAP_SIZE)
000070 bfed      	OUT  SPL,R30
000071 e2e0      	LDI  R30,HIGH(__SRAM_END-__HEAP_SIZE)
000072 bfee      	OUT  SPH,R30
                 
                 ;DATA STACK POINTER INITIALIZATION
000073 e0c0      	LDI  R28,LOW(__SRAM_START+__DSTACK_SIZE)
000074 e0d9      	LDI  R29,HIGH(__SRAM_START+__DSTACK_SIZE)
                 
000075 940c 0090 	JMP  _main
                 
                 	.ESEG
                 	.ORG 0
                 
                 	.DSEG
                 	.ORG 0x900
                 
                 	.CSEG
                 ;/*
                 ; * e01.c
                 ; *
                 ; * Created: 12-May-20 4:49:06 PM
                 ; * Author: javie
                 ; */
                 ;
                 ;#include <io.h>
                 	#ifndef __SLEEP_DEFINED__
                 	#define __SLEEP_DEFINED__
                 	.EQU __se_bit=0x01
                 	.EQU __sm_mask=0x0E
                 	.EQU __sm_powerdown=0x04
                 	.EQU __sm_powersave=0x06
                 	.EQU __sm_standby=0x0C
                 	.EQU __sm_ext_standby=0x0E
                 	.EQU __sm_adc_noise_red=0x02
                 	.SET power_ctrl_reg=smcr
                 	#endif
                 ;#include <stdio.h>
                 ;
                 ;#include <delay.h>
                 ;
                 ;// Declare your global variables here
                 ;
                 ;// Voltage Reference: AREF pin
                 ;#define ADC_VREF_TYPE ((0<<REFS1) | (0<<REFS0) | (1<<ADLAR))
                 ;
                 ;// Read the 8 most significant bits
                 ;// of the AD conversion result
                 ;unsigned char read_adc(unsigned char adc_input)
                 ; 0000 0015 {
                 
                 	.CSEG
                 _read_adc:
                 ; .FSTART _read_adc
                 ; 0000 0016 ADMUX=adc_input | ADC_VREF_TYPE;
000077 93aa      	ST   -Y,R26
                 ;	adc_input -> Y+0
000078 81e8      	LD   R30,Y
000079 62e0      	ORI  R30,0x20
00007a 93e0 007c 	STS  124,R30
                 ; 0000 0017 // Delay needed for the stabilization of the ADC input voltage
                 ; 0000 0018 delay_us(10);
                +
00007c e087     +LDI R24 , LOW ( 7 )
                +__DELAY_USB_LOOP :
00007d 958a     +DEC R24
00007e f7f1     +BRNE __DELAY_USB_LOOP
                 	__DELAY_USB 7
                 ; 0000 0019 // Start the AD conversion
                 ; 0000 001A ADCSRA|=(1<<ADSC);
00007f 91e0 007a 	LDS  R30,122
000081 64e0      	ORI  R30,0x40
000082 93e0 007a 	STS  122,R30
                 ; 0000 001B // Wait for the AD conversion to complete
                 ; 0000 001C while ((ADCSRA & (1<<ADIF))==0);
                 _0x3:
000084 91e0 007a 	LDS  R30,122
000086 71e0      	ANDI R30,LOW(0x10)
000087 f3e1      	BREQ _0x3
                 ; 0000 001D ADCSRA|=(1<<ADIF);
000088 91e0 007a 	LDS  R30,122
00008a 61e0      	ORI  R30,0x10
00008b 93e0 007a 	STS  122,R30
                 ; 0000 001E return ADCH;
00008d 91e0 0079 	LDS  R30,121
00008f c027      	RJMP _0x2060001
                 ; 0000 001F }
                 ; .FEND
                 ;
                 ;void main(void)
                 ; 0000 0022 {
                 _main:
                 ; .FSTART _main
                 ; 0000 0023 // USART1 initialization
                 ; 0000 0024 // Communication Parameters: 8 Data, 1 Stop, No Parity
                 ; 0000 0025 // USART1 Receiver: On
                 ; 0000 0026 // USART1 Transmitter: On
                 ; 0000 0027 // USART1 Mode: Asynchronous
                 ; 0000 0028 // USART1 Baud Rate: 9600
                 ; 0000 0029 UCSR1A=(0<<RXC1) | (0<<TXC1) | (0<<UDRE1) | (0<<FE1) | (0<<DOR1) | (0<<UPE1) | (0<<U2X1) | (0<<MPCM1);
000090 e0e0      	LDI  R30,LOW(0)
000091 93e0 00c8 	STS  200,R30
                 ; 0000 002A UCSR1B=(0<<RXCIE1) | (0<<TXCIE1) | (0<<UDRIE1) | (1<<RXEN1) | (1<<TXEN1) | (0<<UCSZ12) | (0<<RXB81) | (0<<TXB81);
000093 e1e8      	LDI  R30,LOW(24)
000094 93e0 00c9 	STS  201,R30
                 ; 0000 002B UCSR1C=(0<<UMSEL11) | (0<<UMSEL10) | (0<<UPM11) | (0<<UPM10) | (0<<USBS1) | (1<<UCSZ11) | (1<<UCSZ10) | (0<<UCPOL1);
000096 e0e6      	LDI  R30,LOW(6)
000097 93e0 00ca 	STS  202,R30
                 ; 0000 002C UBRR1H=0x00;
000099 e0e0      	LDI  R30,LOW(0)
00009a 93e0 00cd 	STS  205,R30
                 ; 0000 002D UBRR1L=0x0C;
00009c e0ec      	LDI  R30,LOW(12)
00009d 93e0 00cc 	STS  204,R30
                 ; 0000 002E 
                 ; 0000 002F while (1)
                 _0x6:
                 ; 0000 0030     {
                 ; 0000 0031     // Please write your application code here
                 ; 0000 0032         printf("%c/n/r", read_adc(7));
                +
00009f eaea     +LDI R30 , LOW ( 2 * _0x0 + ( 0 ) )
0000a0 e0f0     +LDI R31 , HIGH ( 2 * _0x0 + ( 0 ) )
                 	__POINTW1FN _0x0,0
0000a1 93fa      	ST   -Y,R31
0000a2 93ea      	ST   -Y,R30
0000a3 e0a7      	LDI  R26,LOW(7)
0000a4 dfd2      	RCALL _read_adc
0000a5 27ff      	CLR  R31
0000a6 2766      	CLR  R22
0000a7 2777      	CLR  R23
0000a8 940e 026d 	CALL __PUTPARD1
0000aa e084      	LDI  R24,4
0000ab d14e      	RCALL _printf
0000ac 9626      	ADIW R28,6
                 ; 0000 0033     }
0000ad cff1      	RJMP _0x6
                 ; 0000 0034 }
                 _0x9:
0000ae cfff      	RJMP _0x9
                 ; .FEND
                 	#ifndef __SLEEP_DEFINED__
                 	#endif
                 
                 	.CSEG
                 _putchar:
                 ; .FSTART _putchar
0000af 93aa      	ST   -Y,R26
                 _0x2000006:
0000b0 91e0 00c8 	LDS  R30,200
0000b2 72e0      	ANDI R30,LOW(0x20)
0000b3 f3e1      	BREQ _0x2000006
0000b4 81e8      	LD   R30,Y
0000b5 93e0 00ce 	STS  206,R30
                 _0x2060001:
0000b7 9621      	ADIW R28,1
0000b8 9508      	RET
                 ; .FEND
                 _put_usart_G100:
                 ; .FSTART _put_usart_G100
0000b9 93ba      	ST   -Y,R27
0000ba 93aa      	ST   -Y,R26
0000bb 81aa      	LDD  R26,Y+2
0000bc dff2      	RCALL _putchar
0000bd 81a8      	LD   R26,Y
0000be 81b9      	LDD  R27,Y+1
0000bf 91ed      	LD   R30,X+
0000c0 91fd      	LD   R31,X+
0000c1 9631      	ADIW R30,1
0000c2 93fe      	ST   -X,R31
0000c3 93ee      	ST   -X,R30
0000c4 9623      	ADIW R28,3
0000c5 9508      	RET
                 ; .FEND
                 __print_G100:
                 ; .FSTART __print_G100
0000c6 93ba      	ST   -Y,R27
0000c7 93aa      	ST   -Y,R26
0000c8 9726      	SBIW R28,6
0000c9 940e 0272 	CALL __SAVELOCR6
0000cb e010      	LDI  R17,0
0000cc 85ac      	LDD  R26,Y+12
0000cd 85bd      	LDD  R27,Y+12+1
0000ce e0e0      	LDI  R30,LOW(0)
0000cf e0f0      	LDI  R31,HIGH(0)
0000d0 93ed      	ST   X+,R30
0000d1 93fc      	ST   X,R31
                 _0x200001C:
0000d2 89ea      	LDD  R30,Y+18
0000d3 89fb      	LDD  R31,Y+18+1
0000d4 9631      	ADIW R30,1
0000d5 8bea      	STD  Y+18,R30
0000d6 8bfb      	STD  Y+18+1,R31
0000d7 9731      	SBIW R30,1
0000d8 91e4      	LPM  R30,Z
0000d9 2f2e      	MOV  R18,R30
0000da 30e0      	CPI  R30,0
0000db f409      	BRNE PC+2
0000dc c115      	RJMP _0x200001E
0000dd 2fe1      	MOV  R30,R17
0000de 30e0      	CPI  R30,0
0000df f439      	BRNE _0x2000022
0000e0 3225      	CPI  R18,37
0000e1 f411      	BRNE _0x2000023
0000e2 e011      	LDI  R17,LOW(1)
0000e3 c002      	RJMP _0x2000024
                 _0x2000023:
0000e4 940e 0238 	CALL SUBOPT_0x0
                 _0x2000024:
0000e6 c10a      	RJMP _0x2000021
                 _0x2000022:
0000e7 30e1      	CPI  R30,LOW(0x1)
0000e8 f4a9      	BRNE _0x2000025
0000e9 3225      	CPI  R18,37
0000ea f419      	BRNE _0x2000026
0000eb 940e 0238 	CALL SUBOPT_0x0
0000ed c102      	RJMP _0x20000D2
                 _0x2000026:
0000ee e012      	LDI  R17,LOW(2)
0000ef e040      	LDI  R20,LOW(0)
0000f0 e000      	LDI  R16,LOW(0)
0000f1 322d      	CPI  R18,45
0000f2 f411      	BRNE _0x2000027
0000f3 e001      	LDI  R16,LOW(1)
0000f4 c0fc      	RJMP _0x2000021
                 _0x2000027:
0000f5 322b      	CPI  R18,43
0000f6 f411      	BRNE _0x2000028
0000f7 e24b      	LDI  R20,LOW(43)
0000f8 c0f8      	RJMP _0x2000021
                 _0x2000028:
0000f9 3220      	CPI  R18,32
0000fa f411      	BRNE _0x2000029
0000fb e240      	LDI  R20,LOW(32)
0000fc c0f4      	RJMP _0x2000021
                 _0x2000029:
0000fd c002      	RJMP _0x200002A
                 _0x2000025:
0000fe 30e2      	CPI  R30,LOW(0x2)
0000ff f439      	BRNE _0x200002B
                 _0x200002A:
000100 e050      	LDI  R21,LOW(0)
000101 e013      	LDI  R17,LOW(3)
000102 3320      	CPI  R18,48
000103 f411      	BRNE _0x200002C
000104 6800      	ORI  R16,LOW(128)
000105 c0eb      	RJMP _0x2000021
                 _0x200002C:
000106 c003      	RJMP _0x200002D
                 _0x200002B:
000107 30e3      	CPI  R30,LOW(0x3)
000108 f009      	BREQ PC+2
000109 c0e7      	RJMP _0x2000021
                 _0x200002D:
00010a 3320      	CPI  R18,48
00010b f010      	BRLO _0x2000030
00010c 332a      	CPI  R18,58
00010d f008      	BRLO _0x2000031
                 _0x2000030:
00010e c007      	RJMP _0x200002F
                 _0x2000031:
00010f e0aa      	LDI  R26,LOW(10)
000110 9f5a      	MUL  R21,R26
000111 2d50      	MOV  R21,R0
000112 2fe2      	MOV  R30,R18
000113 53e0      	SUBI R30,LOW(48)
000114 0f5e      	ADD  R21,R30
000115 c0db      	RJMP _0x2000021
                 _0x200002F:
000116 2fe2      	MOV  R30,R18
000117 36e3      	CPI  R30,LOW(0x63)
000118 f449      	BRNE _0x2000035
000119 940e 023f 	CALL SUBOPT_0x1
00011b 89e8      	LDD  R30,Y+16
00011c 89f9      	LDD  R31,Y+16+1
00011d 81a4      	LDD  R26,Z+4
00011e 93aa      	ST   -Y,R26
00011f 940e 0245 	CALL SUBOPT_0x2
000121 c0ce      	RJMP _0x2000036
                 _0x2000035:
000122 37e3      	CPI  R30,LOW(0x73)
000123 f441      	BRNE _0x2000038
000124 940e 023f 	CALL SUBOPT_0x1
000126 940e 024b 	CALL SUBOPT_0x3
000128 940e 021f 	CALL _strlen
00012a 2f1e      	MOV  R17,R30
00012b c00a      	RJMP _0x2000039
                 _0x2000038:
00012c 37e0      	CPI  R30,LOW(0x70)
00012d f461      	BRNE _0x200003B
00012e 940e 023f 	CALL SUBOPT_0x1
000130 940e 024b 	CALL SUBOPT_0x3
000132 940e 022b 	CALL _strlenf
000134 2f1e      	MOV  R17,R30
000135 6008      	ORI  R16,LOW(8)
                 _0x2000039:
000136 6002      	ORI  R16,LOW(2)
000137 770f      	ANDI R16,LOW(127)
000138 e030      	LDI  R19,LOW(0)
000139 c034      	RJMP _0x200003C
                 _0x200003B:
00013a 36e4      	CPI  R30,LOW(0x64)
00013b f011      	BREQ _0x200003F
00013c 36e9      	CPI  R30,LOW(0x69)
00013d f411      	BRNE _0x2000040
                 _0x200003F:
00013e 6004      	ORI  R16,LOW(4)
00013f c002      	RJMP _0x2000041
                 _0x2000040:
000140 37e5      	CPI  R30,LOW(0x75)
000141 f431      	BRNE _0x2000042
                 _0x2000041:
000142 e9e8      	LDI  R30,LOW(_tbl10_G100*2)
000143 e0f0      	LDI  R31,HIGH(_tbl10_G100*2)
000144 83ee      	STD  Y+6,R30
000145 83ff      	STD  Y+6+1,R31
000146 e015      	LDI  R17,LOW(5)
000147 c00c      	RJMP _0x2000043
                 _0x2000042:
000148 35e8      	CPI  R30,LOW(0x58)
000149 f411      	BRNE _0x2000045
00014a 6008      	ORI  R16,LOW(8)
00014b c003      	RJMP _0x2000046
                 _0x2000045:
00014c 37e8      	CPI  R30,LOW(0x78)
00014d f009      	BREQ PC+2
00014e c0a1      	RJMP _0x2000077
                 _0x2000046:
00014f eae2      	LDI  R30,LOW(_tbl16_G100*2)
000150 e0f0      	LDI  R31,HIGH(_tbl16_G100*2)
000151 83ee      	STD  Y+6,R30
000152 83ff      	STD  Y+6+1,R31
000153 e014      	LDI  R17,LOW(4)
                 _0x2000043:
000154 ff02      	SBRS R16,2
000155 c014      	RJMP _0x2000048
000156 940e 023f 	CALL SUBOPT_0x1
000158 940e 0255 	CALL SUBOPT_0x4
00015a 85ab      	LDD  R26,Y+11
00015b 23aa      	TST  R26
00015c f43a      	BRPL _0x2000049
00015d 85ea      	LDD  R30,Y+10
00015e 85fb      	LDD  R31,Y+10+1
00015f 940e 0261 	CALL __ANEGW1
000161 87ea      	STD  Y+10,R30
000162 87fb      	STD  Y+10+1,R31
000163 e24d      	LDI  R20,LOW(45)
                 _0x2000049:
000164 3040      	CPI  R20,0
000165 f011      	BREQ _0x200004A
000166 5f1f      	SUBI R17,-LOW(1)
000167 c001      	RJMP _0x200004B
                 _0x200004A:
000168 7f0b      	ANDI R16,LOW(251)
                 _0x200004B:
000169 c004      	RJMP _0x200004C
                 _0x2000048:
00016a 940e 023f 	CALL SUBOPT_0x1
00016c 940e 0255 	CALL SUBOPT_0x4
                 _0x200004C:
                 _0x200003C:
00016e fd00      	SBRC R16,0
00016f c011      	RJMP _0x200004D
                 _0x200004E:
000170 1715      	CP   R17,R21
000171 f478      	BRSH _0x2000050
000172 ff07      	SBRS R16,7
000173 c008      	RJMP _0x2000051
000174 ff02      	SBRS R16,2
000175 c004      	RJMP _0x2000052
000176 7f0b      	ANDI R16,LOW(251)
000177 2f24      	MOV  R18,R20
000178 5011      	SUBI R17,LOW(1)
000179 c001      	RJMP _0x2000053
                 _0x2000052:
00017a e320      	LDI  R18,LOW(48)
                 _0x2000053:
00017b c001      	RJMP _0x2000054
                 _0x2000051:
00017c e220      	LDI  R18,LOW(32)
                 _0x2000054:
00017d 940e 0238 	CALL SUBOPT_0x0
00017f 5051      	SUBI R21,LOW(1)
000180 cfef      	RJMP _0x200004E
                 _0x2000050:
                 _0x200004D:
000181 2f31      	MOV  R19,R17
000182 ff01      	SBRS R16,1
000183 c017      	RJMP _0x2000055
                 _0x2000056:
000184 3030      	CPI  R19,0
000185 f0a1      	BREQ _0x2000058
000186 ff03      	SBRS R16,3
000187 c006      	RJMP _0x2000059
000188 81ee      	LDD  R30,Y+6
000189 81ff      	LDD  R31,Y+6+1
00018a 9125      	LPM  R18,Z+
00018b 83ee      	STD  Y+6,R30
00018c 83ff      	STD  Y+6+1,R31
00018d c005      	RJMP _0x200005A
                 _0x2000059:
00018e 81ae      	LDD  R26,Y+6
00018f 81bf      	LDD  R27,Y+6+1
000190 912d      	LD   R18,X+
000191 83ae      	STD  Y+6,R26
000192 83bf      	STD  Y+6+1,R27
                 _0x200005A:
000193 940e 0238 	CALL SUBOPT_0x0
000195 3050      	CPI  R21,0
000196 f009      	BREQ _0x200005B
000197 5051      	SUBI R21,LOW(1)
                 _0x200005B:
000198 5031      	SUBI R19,LOW(1)
000199 cfea      	RJMP _0x2000056
                 _0x2000058:
00019a c04b      	RJMP _0x200005C
                 _0x2000055:
                 _0x200005E:
00019b e320      	LDI  R18,LOW(48)
00019c 81ee      	LDD  R30,Y+6
00019d 81ff      	LDD  R31,Y+6+1
00019e 940e 0269 	CALL __GETW1PF
0001a0 87e8      	STD  Y+8,R30
0001a1 87f9      	STD  Y+8+1,R31
0001a2 81ee      	LDD  R30,Y+6
0001a3 81ff      	LDD  R31,Y+6+1
0001a4 9632      	ADIW R30,2
0001a5 83ee      	STD  Y+6,R30
0001a6 83ff      	STD  Y+6+1,R31
                 _0x2000060:
0001a7 85e8      	LDD  R30,Y+8
0001a8 85f9      	LDD  R31,Y+8+1
0001a9 85aa      	LDD  R26,Y+10
0001aa 85bb      	LDD  R27,Y+10+1
0001ab 17ae      	CP   R26,R30
0001ac 07bf      	CPC  R27,R31
0001ad f050      	BRLO _0x2000062
0001ae 5f2f      	SUBI R18,-LOW(1)
0001af 85a8      	LDD  R26,Y+8
0001b0 85b9      	LDD  R27,Y+8+1
0001b1 85ea      	LDD  R30,Y+10
0001b2 85fb      	LDD  R31,Y+10+1
0001b3 1bea      	SUB  R30,R26
0001b4 0bfb      	SBC  R31,R27
0001b5 87ea      	STD  Y+10,R30
0001b6 87fb      	STD  Y+10+1,R31
0001b7 cfef      	RJMP _0x2000060
                 _0x2000062:
0001b8 332a      	CPI  R18,58
0001b9 f028      	BRLO _0x2000063
0001ba ff03      	SBRS R16,3
0001bb c002      	RJMP _0x2000064
0001bc 5f29      	SUBI R18,-LOW(7)
0001bd c001      	RJMP _0x2000065
                 _0x2000064:
0001be 5d29      	SUBI R18,-LOW(39)
                 _0x2000065:
                 _0x2000063:
0001bf fd04      	SBRC R16,4
0001c0 c01a      	RJMP _0x2000067
0001c1 3321      	CPI  R18,49
0001c2 f420      	BRSH _0x2000069
0001c3 85a8      	LDD  R26,Y+8
0001c4 85b9      	LDD  R27,Y+8+1
0001c5 9711      	SBIW R26,1
0001c6 f409      	BRNE _0x2000068
                 _0x2000069:
0001c7 c009      	RJMP _0x20000D3
                 _0x2000068:
0001c8 1753      	CP   R21,R19
0001c9 f010      	BRLO _0x200006D
0001ca ff00      	SBRS R16,0
0001cb c001      	RJMP _0x200006E
                 _0x200006D:
0001cc c013      	RJMP _0x200006C
                 _0x200006E:
0001cd e220      	LDI  R18,LOW(32)
0001ce ff07      	SBRS R16,7
0001cf c00b      	RJMP _0x200006F
0001d0 e320      	LDI  R18,LOW(48)
                 _0x20000D3:
0001d1 6100      	ORI  R16,LOW(16)
0001d2 ff02      	SBRS R16,2
0001d3 c007      	RJMP _0x2000070
0001d4 7f0b      	ANDI R16,LOW(251)
0001d5 934a      	ST   -Y,R20
0001d6 940e 0245 	CALL SUBOPT_0x2
0001d8 3050      	CPI  R21,0
0001d9 f009      	BREQ _0x2000071
0001da 5051      	SUBI R21,LOW(1)
                 _0x2000071:
                 _0x2000070:
                 _0x200006F:
                 _0x2000067:
0001db 940e 0238 	CALL SUBOPT_0x0
0001dd 3050      	CPI  R21,0
0001de f009      	BREQ _0x2000072
0001df 5051      	SUBI R21,LOW(1)
                 _0x2000072:
                 _0x200006C:
0001e0 5031      	SUBI R19,LOW(1)
0001e1 85a8      	LDD  R26,Y+8
0001e2 85b9      	LDD  R27,Y+8+1
0001e3 9712      	SBIW R26,2
0001e4 f008      	BRLO _0x200005F
0001e5 cfb5      	RJMP _0x200005E
                 _0x200005F:
                 _0x200005C:
0001e6 ff00      	SBRS R16,0
0001e7 c008      	RJMP _0x2000073
                 _0x2000074:
0001e8 3050      	CPI  R21,0
0001e9 f031      	BREQ _0x2000076
0001ea 5051      	SUBI R21,LOW(1)
0001eb e2e0      	LDI  R30,LOW(32)
0001ec 93ea      	ST   -Y,R30
0001ed 940e 0245 	CALL SUBOPT_0x2
0001ef cff8      	RJMP _0x2000074
                 _0x2000076:
                 _0x2000073:
                 _0x2000077:
                 _0x2000036:
                 _0x20000D2:
0001f0 e010      	LDI  R17,LOW(0)
                 _0x2000021:
0001f1 cee0      	RJMP _0x200001C
                 _0x200001E:
0001f2 85ac      	LDD  R26,Y+12
0001f3 85bd      	LDD  R27,Y+12+1
0001f4 940e 0265 	CALL __GETW1P
0001f6 940e 0279 	CALL __LOADLOCR6
0001f8 9664      	ADIW R28,20
0001f9 9508      	RET
                 ; .FEND
                 _printf:
                 ; .FSTART _printf
0001fa 92ff      	PUSH R15
0001fb 2ef8      	MOV  R15,R24
0001fc 9726      	SBIW R28,6
0001fd 931a      	ST   -Y,R17
0001fe 930a      	ST   -Y,R16
0001ff 01de      	MOVW R26,R28
000200 9614      	ADIW R26,4
000201 940e 025d 	CALL __ADDW2R15
000203 018d      	MOVW R16,R26
000204 e0e0      	LDI  R30,LOW(0)
000205 83ec      	STD  Y+4,R30
000206 83ed      	STD  Y+4+1,R30
000207 83ee      	STD  Y+6,R30
000208 83ef      	STD  Y+6+1,R30
000209 01de      	MOVW R26,R28
00020a 9618      	ADIW R26,8
00020b 940e 025d 	CALL __ADDW2R15
00020d 940e 0265 	CALL __GETW1P
00020f 93fa      	ST   -Y,R31
000210 93ea      	ST   -Y,R30
000211 931a      	ST   -Y,R17
000212 930a      	ST   -Y,R16
000213 ebe9      	LDI  R30,LOW(_put_usart_G100)
000214 e0f0      	LDI  R31,HIGH(_put_usart_G100)
000215 93fa      	ST   -Y,R31
000216 93ea      	ST   -Y,R30
000217 01de      	MOVW R26,R28
000218 9618      	ADIW R26,8
000219 deac      	RCALL __print_G100
00021a 8119      	LDD  R17,Y+1
00021b 8108      	LDD  R16,Y+0
00021c 9628      	ADIW R28,8
00021d 90ff      	POP  R15
00021e 9508      	RET
                 ; .FEND
                 
                 	.CSEG
                 
                 	.CSEG
                 _strlen:
                 ; .FSTART _strlen
00021f 93ba      	ST   -Y,R27
000220 93aa      	ST   -Y,R26
000221 91a9          ld   r26,y+
000222 91b9          ld   r27,y+
000223 27ee          clr  r30
000224 27ff          clr  r31
                 strlen0:
000225 916d          ld   r22,x+
000226 2366          tst  r22
000227 f011          breq strlen1
000228 9631          adiw r30,1
000229 cffb          rjmp strlen0
                 strlen1:
00022a 9508          ret
                 ; .FEND
                 _strlenf:
                 ; .FSTART _strlenf
00022b 93ba      	ST   -Y,R27
00022c 93aa      	ST   -Y,R26
00022d 27aa          clr  r26
00022e 27bb          clr  r27
00022f 91e9          ld   r30,y+
000230 91f9          ld   r31,y+
                 strlenf0:
000231 9005      	lpm  r0,z+
000232 2000          tst  r0
000233 f011          breq strlenf1
000234 9611          adiw r26,1
000235 cffb          rjmp strlenf0
                 strlenf1:
000236 01fd          movw r30,r26
000237 9508          ret
                 ; .FEND
                 
                 	.CSEG
                 ;OPTIMIZER ADDED SUBROUTINE, CALLED 5 TIMES, CODE SIZE REDUCTION:13 WORDS
                 SUBOPT_0x0:
000238 932a      	ST   -Y,R18
000239 85ad      	LDD  R26,Y+13
00023a 85be      	LDD  R27,Y+13+1
00023b 85ef      	LDD  R30,Y+15
00023c 89f8      	LDD  R31,Y+15+1
00023d 9509      	ICALL
00023e 9508      	RET
                 
                 ;OPTIMIZER ADDED SUBROUTINE, CALLED 5 TIMES, CODE SIZE REDUCTION:9 WORDS
                 SUBOPT_0x1:
00023f 89e8      	LDD  R30,Y+16
000240 89f9      	LDD  R31,Y+16+1
000241 9734      	SBIW R30,4
000242 8be8      	STD  Y+16,R30
000243 8bf9      	STD  Y+16+1,R31
000244 9508      	RET
                 
                 ;OPTIMIZER ADDED SUBROUTINE, CALLED 3 TIMES, CODE SIZE REDUCTION:3 WORDS
                 SUBOPT_0x2:
000245 85ad      	LDD  R26,Y+13
000246 85be      	LDD  R27,Y+13+1
000247 85ef      	LDD  R30,Y+15
000248 89f8      	LDD  R31,Y+15+1
000249 9509      	ICALL
00024a 9508      	RET
                 
                 ;OPTIMIZER ADDED SUBROUTINE, CALLED 2 TIMES, CODE SIZE REDUCTION:4 WORDS
                 SUBOPT_0x3:
00024b 89a8      	LDD  R26,Y+16
00024c 89b9      	LDD  R27,Y+16+1
00024d 9614      	ADIW R26,4
00024e 940e 0265 	CALL __GETW1P
000250 83ee      	STD  Y+6,R30
000251 83ff      	STD  Y+6+1,R31
000252 81ae      	LDD  R26,Y+6
000253 81bf      	LDD  R27,Y+6+1
000254 9508      	RET
                 
                 ;OPTIMIZER ADDED SUBROUTINE, CALLED 2 TIMES, CODE SIZE REDUCTION:2 WORDS
                 SUBOPT_0x4:
000255 89a8      	LDD  R26,Y+16
000256 89b9      	LDD  R27,Y+16+1
000257 9614      	ADIW R26,4
000258 940e 0265 	CALL __GETW1P
00025a 87ea      	STD  Y+10,R30
00025b 87fb      	STD  Y+10+1,R31
00025c 9508      	RET
                 
                 
                 	.CSEG
                 __ADDW2R15:
00025d 2400      	CLR  R0
00025e 0daf      	ADD  R26,R15
00025f 1db0      	ADC  R27,R0
000260 9508      	RET
                 
                 __ANEGW1:
000261 95f1      	NEG  R31
000262 95e1      	NEG  R30
000263 40f0      	SBCI R31,0
000264 9508      	RET
                 
                 __GETW1P:
000265 91ed      	LD   R30,X+
000266 91fc      	LD   R31,X
000267 9711      	SBIW R26,1
000268 9508      	RET
                 
                 __GETW1PF:
000269 9005      	LPM  R0,Z+
00026a 91f4      	LPM  R31,Z
00026b 2de0      	MOV  R30,R0
00026c 9508      	RET
                 
                 __PUTPARD1:
00026d 937a      	ST   -Y,R23
00026e 936a      	ST   -Y,R22
00026f 93fa      	ST   -Y,R31
000270 93ea      	ST   -Y,R30
000271 9508      	RET
                 
                 __SAVELOCR6:
000272 935a      	ST   -Y,R21
                 __SAVELOCR5:
000273 934a      	ST   -Y,R20
                 __SAVELOCR4:
000274 933a      	ST   -Y,R19
                 __SAVELOCR3:
000275 932a      	ST   -Y,R18
                 __SAVELOCR2:
000276 931a      	ST   -Y,R17
000277 930a      	ST   -Y,R16
000278 9508      	RET
                 
                 __LOADLOCR6:
000279 815d      	LDD  R21,Y+5
                 __LOADLOCR5:
00027a 814c      	LDD  R20,Y+4
                 __LOADLOCR4:
00027b 813b      	LDD  R19,Y+3
                 __LOADLOCR3:
00027c 812a      	LDD  R18,Y+2
                 __LOADLOCR2:
00027d 8119      	LDD  R17,Y+1
00027e 8108      	LD   R16,Y
00027f 9508      	RET
                 
                 ;END OF CODE MARKER
                 __END_OF_CODE:


RESOURCE USE INFORMATION
------------------------

Notice:
The register and instruction counts are symbol table hit counts,
and hence implicitly used resources are not counted, eg, the
'lpm' instruction without operands implicitly uses r0 and z,
none of which are counted.

x,y,z are separate entities in the symbol table and are
counted separately from r26..r31 here.

.dseg memory usage only counts static data declared with .byte

AT90USB1286 register use summary:
r0 :   7 r1 :   0 r2 :   0 r3 :   0 r4 :   0 r5 :   0 r6 :   0 r7 :   0 
r8 :   0 r9 :   0 r10:   0 r11:   0 r12:   0 r13:   0 r14:   0 r15:   4 
r16:  30 r17:  19 r18:  27 r19:   8 r20:   9 r21:  17 r22:   4 r23:   2 
r24:   9 r25:   1 r26:  49 r27:  25 r28:  11 r29:   1 r30: 114 r31:  45 
x  :  12 y  : 126 z  :   6 
Registers used: 21 out of 35 (60.0%)

AT90USB1286 instruction use summary:
.lds  :   0 .lds.l:   0 .sts  :   0 .sts.l:   0 adc   :   1 add   :   2 
adiw  :  15 and   :   0 andi  :   6 asr   :   0 bclr  :   0 bld   :   0 
brbc  :   0 brbs  :   0 brcc  :   0 brcs  :   0 break :   0 breq  :  13 
brge  :   0 brhc  :   0 brhs  :   0 brid  :   0 brie  :   0 brlo  :   6 
brlt  :   0 brmi  :   0 brne  :  20 brpl  :   1 brsh  :   2 brtc  :   0 
brts  :   0 brvc  :   0 brvs  :   0 bset  :   0 bst   :   0 call  :  30 
cbi   :   0 cbr   :   0 clc   :   0 clh   :   0 cli   :   1 cln   :   0 
clr   :  10 cls   :   0 clt   :   0 clv   :   0 clz   :   0 com   :   0 
cp    :   3 cpc   :   1 cpi   :  29 cpse  :   0 dec   :   2 des   :   0 
elpm  :   0 eor   :   0 fmul  :   0 fmuls :   0 fmulsu:   0 icall :   2 
ijmp  :   0 in    :   0 inc   :   0 jmp   :  39 ld    :  14 ldd   :  57 
ldi   :  53 lds   :   5 lpm   :   7 lsl   :   0 lsr   :   0 mov   :  11 
movw  :   5 mul   :   1 muls  :   0 mulsu :   0 neg   :   2 nop   :   0 
or    :   0 ori   :   9 out   :   7 pop   :   1 push  :   1 rcall :   4 
ret   :  18 reti  :   0 rjmp  :  52 rol   :   0 ror   :   0 sbc   :   1 
sbci  :   1 sbi   :   0 sbic  :   0 sbis  :   0 sbiw  :   8 sbr   :   0 
sbrc  :   2 sbrs  :  10 sec   :   0 seh   :   0 sei   :   0 sen   :   0 
ser   :   0 ses   :   0 set   :   0 sev   :   0 sez   :   0 sleep :   0 
spm   :   0 st    :  40 std   :  28 sts   :   9 sub   :   1 subi  :  13 
swap  :   0 tst   :   3 wdr   :   0 
Instructions used: 45 out of 117 (38.5%)

AT90USB1286 memory use summary [bytes]:
Segment   Begin    End      Code   Data   Used    Size   Use%
---------------------------------------------------------------
[.cseg] 0x000000 0x000500   1254     26   1280  131072   1.0%
[.dseg] 0x000100 0x000900      0      0      0    8192   0.0%
[.eseg] 0x000000 0x000000      0      0      0    4096   0.0%

Assembly complete, 0 errors, 1 warnings
