RAM Allocation [bytes]
Variable                                                                          Address   Size
------------------------------------------------------------------------------------------------
mode                                                                              0x0900       1
n1                                                                                0x0901       1
n2                                                                                0x0902       1
n3                                                                                0x0903       1
n4                                                                                0x0904       1
_seed                                                                             0x0905       4

EEPROM Allocation [bytes]
Variable                                                                          Address   Size
------------------------------------------------------------------------------------------------

Register Allocation
Variable                                                                          Register  Size
------------------------------------------------------------------------------------------------

FLASH Allocation [words]
Function                                                                          Address   Size
------------------------------------------------------------------------------------------------
MandaMax7219                                                                      0x000A7     28
ConfiguraMax                                                                      0x000C3     17
Dice1                                                                             0x000D4     45
Dice2                                                                             0x00101     33
Dice3                                                                             0x00122     44
Dice4                                                                             0x0014E     66
clear                                                                             0x00190     25
main                                                                              0x001A9    105
srand                                                                             0x00212     10
rand                                                                              0x0021C     23
