RAM Allocation [bytes]
Variable                                                                          Address   Size
------------------------------------------------------------------------------------------------
i                                                                                 0x0900       2
j                                                                                 0x0902       2
str                                                                               0x0904       9
welcomeLetter                                                                     0x090D       1
mode                                                                              0x090E       1
n1                                                                                0x090F       1
n2                                                                                0x0910       1
n3                                                                                0x0911       1
n4                                                                                0x0912       1
_seed                                                                             0x0913       4

EEPROM Allocation [bytes]
Variable                                                                          Address   Size
------------------------------------------------------------------------------------------------

Register Allocation
Variable                                                                          Register  Size
------------------------------------------------------------------------------------------------

FLASH Allocation [words]
Function                                                                          Address   Size
------------------------------------------------------------------------------------------------
noTono                                                                            0x004E2      4
tono                                                                              0x004E6     65
MandaMax7219                                                                      0x00527     28
ConfiguraMax                                                                      0x00543     17
MandaLetra                                                                        0x00554     40
Dice1                                                                             0x0057C     49
Dice2                                                                             0x005AD     35
Dice3                                                                             0x005D0     50
Dice4                                                                             0x00602     66
clear                                                                             0x00644     21
timer3_ovf_isr                                                                    0x00659     68
tirarAnimacion                                                                    0x0069D     41
main                                                                              0x006C6    195
srand                                                                             0x00789     10
rand                                                                              0x00793     23
