RAM Allocation [bytes]
Variable                                                                          Address   Size
------------------------------------------------------------------------------------------------
prtc_get_time                                                                     0x0900       2
prtc_get_date                                                                     0x0902       2
bufferL                                                                           0x0904     256
bufferH                                                                           0x0A04     256
NombreArchivo                                                                     0x0B04      13
i                                                                                 0x0B11       2
muestras                                                                          0x0B13       4
br                                                                                0x0B17       2
res                                                                               0x0B19       2
drive                                                                             0x0B1B     562
archivo                                                                           0x0D4D     544
status                                                                            0x0F6D       1
timer1                                                                            0x0F6E       1
timer2                                                                            0x0F6F       1
card_type                                                                         0x0F70       1
flags_S100000C000                                                                 0x0F71       1
FatFs                                                                             0x0F72       2
Fsid                                                                              0x0F74       2
Drive                                                                             0x0F76       1

EEPROM Allocation [bytes]
Variable                                                                          Address   Size
------------------------------------------------------------------------------------------------

Register Allocation
Variable                                                                          Register  Size
------------------------------------------------------------------------------------------------
LeerBufferH                                                                       GPIOR0.0  1bit
LeerBufferL                                                                       GPIOR0.1  1bit

FLASH Allocation [words]
Function                                                                          Address   Size
------------------------------------------------------------------------------------------------
timer1_compa_isr                                                                  0x000D3     29
timer2_compa_isr                                                                  0x000F0     54
TocaCancion                                                                       0x00126    191
main                                                                              0x001E5     73
crc7_G100                                                                         0x0022E     29
wait_ready_G100                                                                   0x0024B     25
deselect_card_G100                                                                0x00264      7
rx_datablock_G100                                                                 0x0026B    101
tx_datablock_G100                                                                 0x002D0     67
send_cmd_G100                                                                     0x00313     99
rx_spi4_G100                                                                      0x00376     22
disk_initialize                                                                   0x0038C    210
disk_status                                                                       0x0045E     10
disk_read                                                                         0x00468    104
disk_write                                                                        0x004D0    124
disk_ioctl                                                                        0x0054C    414
disk_timerproc                                                                    0x006EA     54
get_fattime                                                                       0x00720    129
chk_chrf_G101                                                                     0x007A1     21
move_window_G101                                                                  0x007B6    110
sync_G101                                                                         0x00824    109
get_fat                                                                           0x00891    123
put_fat                                                                           0x0090C    162
remove_chain_G101                                                                 0x009AE     87
create_chain_G101                                                                 0x00A05    199
clust2sect                                                                        0x00ACC     56
dir_seek_G101                                                                     0x00B04    143
dir_next_G101                                                                     0x00B93    251
dir_find_G101                                                                     0x00C8E     42
dir_register_G101                                                                 0x00CB8     70
create_name_G101                                                                  0x00CFE    180
follow_path_G101                                                                  0x00DB2    141
check_fs_G101                                                                     0x00E3F     50
chk_mounted                                                                       0x00E71    515
validate_G101                                                                     0x01074     36
f_mount                                                                           0x01098     48
f_open                                                                            0x010C8    322
f_read                                                                            0x0120A    433
f_sync                                                                            0x013BB    134
f_close                                                                           0x01441     18
put_buff_G102                                                                     0x01453     56
_print_G102                                                                       0x0148B    316
sprintf                                                                           0x015C7     58
memcmp                                                                            0x01601     25
memcpy                                                                            0x0161A     18
memset                                                                            0x0162C     16
strlen                                                                            0x0163C     12
strlenf                                                                           0x01648     13
