RAM Allocation [bytes]
Variable                                                                          Address   Size
------------------------------------------------------------------------------------------------
l1                                                                                0x0500       2
l2                                                                                0x0502       2
l3                                                                                0x0504       2
l4                                                                                0x0506       2
l5                                                                                0x0508       2
l6                                                                                0x050A       2
l7                                                                                0x050C       2
l8                                                                                0x050E       2
lsize                                                                             0x0510       2

EEPROM Allocation [bytes]
Variable                                                                          Address   Size
------------------------------------------------------------------------------------------------

Register Allocation
Variable                                                                          Register  Size
------------------------------------------------------------------------------------------------

FLASH Allocation [words]
Function                                                                          Address   Size
------------------------------------------------------------------------------------------------
MandaMax7219                                                                      0x001C9     29
ConfiguraMax                                                                      0x001E6     17
MandaLetra                                                                        0x001F7     39
clear                                                                             0x0021E     20
DespliegaMensaje                                                                  0x00232     25
DespliegaMensajeCorrimiento                                                       0x0024B    190
main                                                                              0x00309     48
