
AVRASM ver. 2.1.30  C:\Users\980006738\Documents\Semestre 8\Lab de Micros\Practica 5\Debug\List\Matriz_LEDS.asm Tue Apr 21 18:43:48 2020

                 
                 
                 ;CodeVisionAVR C Compiler V3.12 Advanced
                 ;(C) Copyright 1998-2014 Pavel Haiduc, HP InfoTech s.r.l.
                 ;http://www.hpinfotech.com
                 
                 ;Build configuration    : Debug
                 ;Chip type              : AT90USB1286
                 ;Program type           : Application
                 ;Clock frequency        : 2.000000 MHz
                 ;Memory model           : Small
                 ;Optimize for           : Size
                 ;(s)printf features     : int, width
                 ;(s)scanf features      : int, width
                 ;External RAM size      : 0
                 ;Data Stack size        : 2048 byte(s)
                 ;Heap size              : 0 byte(s)
                 ;Promote 'char' to 'int': Yes
                 ;'char' is unsigned     : Yes
                 ;8 bit enums            : Yes
                 ;Global 'const' stored in FLASH: No
                 ;Enhanced function parameter passing: Yes
                 ;Enhanced core instructions: On
                 ;Automatic register allocation for global variables: On
                 ;Smart register allocation: On
                 
                 	#define _MODEL_SMALL_
                 
                 	#pragma AVRPART ADMIN PART_NAME AT90USB1286
                 	#pragma AVRPART MEMORY PROG_FLASH 131072
                 	#pragma AVRPART MEMORY EEPROM 4096
                 	#pragma AVRPART MEMORY INT_SRAM SIZE 8192
                 	#pragma AVRPART MEMORY INT_SRAM START_ADDR 0x100
                 
                 	#define CALL_SUPPORTED 1
                 
                 	.LISTMAC
                 	.EQU EERE=0x0
                 	.EQU EEWE=0x1
                 	.EQU EEMWE=0x2
                 	.EQU UDRE=0x5
                 	.EQU RXC=0x7
                 	.EQU EECR=0x1F
                 	.EQU EEDR=0x20
                 	.EQU EEARL=0x21
                 	.EQU EEARH=0x22
                 	.EQU SPSR=0x2D
                 	.EQU SPDR=0x2E
                 	.EQU SMCR=0x33
                 	.EQU MCUSR=0x34
                 	.EQU MCUCR=0x35
                 	.EQU RAMPZ=0x3B
                 	.EQU WDTCSR=0x60
                 	.EQU UCSR1A=0xC8
                 	.EQU UDR1=0xCE
                 	.EQU SPL=0x3D
                 	.EQU SPH=0x3E
                 	.EQU SREG=0x3F
                 	.EQU GPIOR0=0x1E
                 
                 	.DEF R0X0=R0
                 	.DEF R0X1=R1
                 	.DEF R0X2=R2
                 	.DEF R0X3=R3
                 	.DEF R0X4=R4
                 	.DEF R0X5=R5
                 	.DEF R0X6=R6
                 	.DEF R0X7=R7
                 	.DEF R0X8=R8
                 	.DEF R0X9=R9
                 	.DEF R0XA=R10
                 	.DEF R0XB=R11
                 	.DEF R0XC=R12
                 	.DEF R0XD=R13
                 	.DEF R0XE=R14
                 	.DEF R0XF=R15
                 	.DEF R0X10=R16
                 	.DEF R0X11=R17
                 	.DEF R0X12=R18
                 	.DEF R0X13=R19
                 	.DEF R0X14=R20
                 	.DEF R0X15=R21
                 	.DEF R0X16=R22
                 	.DEF R0X17=R23
                 	.DEF R0X18=R24
                 	.DEF R0X19=R25
                 	.DEF R0X1A=R26
                 	.DEF R0X1B=R27
                 	.DEF R0X1C=R28
                 	.DEF R0X1D=R29
                 	.DEF R0X1E=R30
                 	.DEF R0X1F=R31
                 
                 	.EQU __SRAM_START=0x0100
                 	.EQU __SRAM_END=0x20FF
                 	.EQU __DSTACK_SIZE=0x0800
                 	.EQU __HEAP_SIZE=0x0000
                 	.EQU __CLEAR_SRAM_SIZE=__SRAM_END-__SRAM_START+1
                 
                 	.MACRO __CPD1N
                 	CPI  R30,LOW(@0)
                 	LDI  R26,HIGH(@0)
                 	CPC  R31,R26
                 	LDI  R26,BYTE3(@0)
                 	CPC  R22,R26
                 	LDI  R26,BYTE4(@0)
                 	CPC  R23,R26
                 	.ENDM
                 
                 	.MACRO __CPD2N
                 	CPI  R26,LOW(@0)
                 	LDI  R30,HIGH(@0)
                 	CPC  R27,R30
                 	LDI  R30,BYTE3(@0)
                 	CPC  R24,R30
                 	LDI  R30,BYTE4(@0)
                 	CPC  R25,R30
                 	.ENDM
                 
                 	.MACRO __CPWRR
                 	CP   R@0,R@2
                 	CPC  R@1,R@3
                 	.ENDM
                 
                 	.MACRO __CPWRN
                 	CPI  R@0,LOW(@2)
                 	LDI  R30,HIGH(@2)
                 	CPC  R@1,R30
                 	.ENDM
                 
                 	.MACRO __ADDB1MN
                 	SUBI R30,LOW(-@0-(@1))
                 	.ENDM
                 
                 	.MACRO __ADDB2MN
                 	SUBI R26,LOW(-@0-(@1))
                 	.ENDM
                 
                 	.MACRO __ADDW1MN
                 	SUBI R30,LOW(-@0-(@1))
                 	SBCI R31,HIGH(-@0-(@1))
                 	.ENDM
                 
                 	.MACRO __ADDW2MN
                 	SUBI R26,LOW(-@0-(@1))
                 	SBCI R27,HIGH(-@0-(@1))
                 	.ENDM
                 
                 	.MACRO __ADDW1FN
                 	SUBI R30,LOW(-2*@0-(@1))
                 	SBCI R31,HIGH(-2*@0-(@1))
                 	.ENDM
                 
                 	.MACRO __ADDD1FN
                 	SUBI R30,LOW(-2*@0-(@1))
                 	SBCI R31,HIGH(-2*@0-(@1))
                 	SBCI R22,BYTE3(-2*@0-(@1))
                 	.ENDM
                 
                 	.MACRO __ADDD1N
                 	SUBI R30,LOW(-@0)
                 	SBCI R31,HIGH(-@0)
                 	SBCI R22,BYTE3(-@0)
                 	SBCI R23,BYTE4(-@0)
                 	.ENDM
                 
                 	.MACRO __ADDD2N
                 	SUBI R26,LOW(-@0)
                 	SBCI R27,HIGH(-@0)
                 	SBCI R24,BYTE3(-@0)
                 	SBCI R25,BYTE4(-@0)
                 	.ENDM
                 
                 	.MACRO __SUBD1N
                 	SUBI R30,LOW(@0)
                 	SBCI R31,HIGH(@0)
                 	SBCI R22,BYTE3(@0)
                 	SBCI R23,BYTE4(@0)
                 	.ENDM
                 
                 	.MACRO __SUBD2N
                 	SUBI R26,LOW(@0)
                 	SBCI R27,HIGH(@0)
                 	SBCI R24,BYTE3(@0)
                 	SBCI R25,BYTE4(@0)
                 	.ENDM
                 
                 	.MACRO __ANDBMNN
                 	LDS  R30,@0+(@1)
                 	ANDI R30,LOW(@2)
                 	STS  @0+(@1),R30
                 	.ENDM
                 
                 	.MACRO __ANDWMNN
                 	LDS  R30,@0+(@1)
                 	ANDI R30,LOW(@2)
                 	STS  @0+(@1),R30
                 	LDS  R30,@0+(@1)+1
                 	ANDI R30,HIGH(@2)
                 	STS  @0+(@1)+1,R30
                 	.ENDM
                 
                 	.MACRO __ANDD1N
                 	ANDI R30,LOW(@0)
                 	ANDI R31,HIGH(@0)
                 	ANDI R22,BYTE3(@0)
                 	ANDI R23,BYTE4(@0)
                 	.ENDM
                 
                 	.MACRO __ANDD2N
                 	ANDI R26,LOW(@0)
                 	ANDI R27,HIGH(@0)
                 	ANDI R24,BYTE3(@0)
                 	ANDI R25,BYTE4(@0)
                 	.ENDM
                 
                 	.MACRO __ORBMNN
                 	LDS  R30,@0+(@1)
                 	ORI  R30,LOW(@2)
                 	STS  @0+(@1),R30
                 	.ENDM
                 
                 	.MACRO __ORWMNN
                 	LDS  R30,@0+(@1)
                 	ORI  R30,LOW(@2)
                 	STS  @0+(@1),R30
                 	LDS  R30,@0+(@1)+1
                 	ORI  R30,HIGH(@2)
                 	STS  @0+(@1)+1,R30
                 	.ENDM
                 
                 	.MACRO __ORD1N
                 	ORI  R30,LOW(@0)
                 	ORI  R31,HIGH(@0)
                 	ORI  R22,BYTE3(@0)
                 	ORI  R23,BYTE4(@0)
                 	.ENDM
                 
                 	.MACRO __ORD2N
                 	ORI  R26,LOW(@0)
                 	ORI  R27,HIGH(@0)
                 	ORI  R24,BYTE3(@0)
                 	ORI  R25,BYTE4(@0)
                 	.ENDM
                 
                 	.MACRO __DELAY_USB
                 	LDI  R24,LOW(@0)
                 __DELAY_USB_LOOP:
                 	DEC  R24
                 	BRNE __DELAY_USB_LOOP
                 	.ENDM
                 
                 	.MACRO __DELAY_USW
                 	LDI  R24,LOW(@0)
                 	LDI  R25,HIGH(@0)
                 __DELAY_USW_LOOP:
                 	SBIW R24,1
                 	BRNE __DELAY_USW_LOOP
                 	.ENDM
                 
                 	.MACRO __GETD1S
                 	LDD  R30,Y+@0
                 	LDD  R31,Y+@0+1
                 	LDD  R22,Y+@0+2
                 	LDD  R23,Y+@0+3
                 	.ENDM
                 
                 	.MACRO __GETD2S
                 	LDD  R26,Y+@0
                 	LDD  R27,Y+@0+1
                 	LDD  R24,Y+@0+2
                 	LDD  R25,Y+@0+3
                 	.ENDM
                 
                 	.MACRO __PUTD1S
                 	STD  Y+@0,R30
                 	STD  Y+@0+1,R31
                 	STD  Y+@0+2,R22
                 	STD  Y+@0+3,R23
                 	.ENDM
                 
                 	.MACRO __PUTD2S
                 	STD  Y+@0,R26
                 	STD  Y+@0+1,R27
                 	STD  Y+@0+2,R24
                 	STD  Y+@0+3,R25
                 	.ENDM
                 
                 	.MACRO __PUTDZ2
                 	STD  Z+@0,R26
                 	STD  Z+@0+1,R27
                 	STD  Z+@0+2,R24
                 	STD  Z+@0+3,R25
                 	.ENDM
                 
                 	.MACRO __CLRD1S
                 	STD  Y+@0,R30
                 	STD  Y+@0+1,R30
                 	STD  Y+@0+2,R30
                 	STD  Y+@0+3,R30
                 	.ENDM
                 
                 	.MACRO __POINTB1MN
                 	LDI  R30,LOW(@0+(@1))
                 	.ENDM
                 
                 	.MACRO __POINTW1MN
                 	LDI  R30,LOW(@0+(@1))
                 	LDI  R31,HIGH(@0+(@1))
                 	.ENDM
                 
                 	.MACRO __POINTD1M
                 	LDI  R30,LOW(@0)
                 	LDI  R31,HIGH(@0)
                 	LDI  R22,BYTE3(@0)
                 	LDI  R23,BYTE4(@0)
                 	.ENDM
                 
                 	.MACRO __POINTW1FN
                 	LDI  R30,LOW(2*@0+(@1))
                 	LDI  R31,HIGH(2*@0+(@1))
                 	.ENDM
                 
                 	.MACRO __POINTD1FN
                 	LDI  R30,LOW(2*@0+(@1))
                 	LDI  R31,HIGH(2*@0+(@1))
                 	LDI  R22,BYTE3(2*@0+(@1))
                 	LDI  R23,BYTE4(2*@0+(@1))
                 	.ENDM
                 
                 	.MACRO __POINTB2MN
                 	LDI  R26,LOW(@0+(@1))
                 	.ENDM
                 
                 	.MACRO __POINTW2MN
                 	LDI  R26,LOW(@0+(@1))
                 	LDI  R27,HIGH(@0+(@1))
                 	.ENDM
                 
                 	.MACRO __POINTW2FN
                 	LDI  R26,LOW(2*@0+(@1))
                 	LDI  R27,HIGH(2*@0+(@1))
                 	.ENDM
                 
                 	.MACRO __POINTD2FN
                 	LDI  R26,LOW(2*@0+(@1))
                 	LDI  R27,HIGH(2*@0+(@1))
                 	LDI  R24,BYTE3(2*@0+(@1))
                 	LDI  R25,BYTE4(2*@0+(@1))
                 	.ENDM
                 
                 	.MACRO __POINTBRM
                 	LDI  R@0,LOW(@1)
                 	.ENDM
                 
                 	.MACRO __POINTWRM
                 	LDI  R@0,LOW(@2)
                 	LDI  R@1,HIGH(@2)
                 	.ENDM
                 
                 	.MACRO __POINTBRMN
                 	LDI  R@0,LOW(@1+(@2))
                 	.ENDM
                 
                 	.MACRO __POINTWRMN
                 	LDI  R@0,LOW(@2+(@3))
                 	LDI  R@1,HIGH(@2+(@3))
                 	.ENDM
                 
                 	.MACRO __POINTWRFN
                 	LDI  R@0,LOW(@2*2+(@3))
                 	LDI  R@1,HIGH(@2*2+(@3))
                 	.ENDM
                 
                 	.MACRO __GETD1N
                 	LDI  R30,LOW(@0)
                 	LDI  R31,HIGH(@0)
                 	LDI  R22,BYTE3(@0)
                 	LDI  R23,BYTE4(@0)
                 	.ENDM
                 
                 	.MACRO __GETD2N
                 	LDI  R26,LOW(@0)
                 	LDI  R27,HIGH(@0)
                 	LDI  R24,BYTE3(@0)
                 	LDI  R25,BYTE4(@0)
                 	.ENDM
                 
                 	.MACRO __GETB1MN
                 	LDS  R30,@0+(@1)
                 	.ENDM
                 
                 	.MACRO __GETB1HMN
                 	LDS  R31,@0+(@1)
                 	.ENDM
                 
                 	.MACRO __GETW1MN
                 	LDS  R30,@0+(@1)
                 	LDS  R31,@0+(@1)+1
                 	.ENDM
                 
                 	.MACRO __GETD1MN
                 	LDS  R30,@0+(@1)
                 	LDS  R31,@0+(@1)+1
                 	LDS  R22,@0+(@1)+2
                 	LDS  R23,@0+(@1)+3
                 	.ENDM
                 
                 	.MACRO __GETBRMN
                 	LDS  R@0,@1+(@2)
                 	.ENDM
                 
                 	.MACRO __GETWRMN
                 	LDS  R@0,@2+(@3)
                 	LDS  R@1,@2+(@3)+1
                 	.ENDM
                 
                 	.MACRO __GETWRZ
                 	LDD  R@0,Z+@2
                 	LDD  R@1,Z+@2+1
                 	.ENDM
                 
                 	.MACRO __GETD2Z
                 	LDD  R26,Z+@0
                 	LDD  R27,Z+@0+1
                 	LDD  R24,Z+@0+2
                 	LDD  R25,Z+@0+3
                 	.ENDM
                 
                 	.MACRO __GETB2MN
                 	LDS  R26,@0+(@1)
                 	.ENDM
                 
                 	.MACRO __GETW2MN
                 	LDS  R26,@0+(@1)
                 	LDS  R27,@0+(@1)+1
                 	.ENDM
                 
                 	.MACRO __GETD2MN
                 	LDS  R26,@0+(@1)
                 	LDS  R27,@0+(@1)+1
                 	LDS  R24,@0+(@1)+2
                 	LDS  R25,@0+(@1)+3
                 	.ENDM
                 
                 	.MACRO __PUTB1MN
                 	STS  @0+(@1),R30
                 	.ENDM
                 
                 	.MACRO __PUTW1MN
                 	STS  @0+(@1),R30
                 	STS  @0+(@1)+1,R31
                 	.ENDM
                 
                 	.MACRO __PUTD1MN
                 	STS  @0+(@1),R30
                 	STS  @0+(@1)+1,R31
                 	STS  @0+(@1)+2,R22
                 	STS  @0+(@1)+3,R23
                 	.ENDM
                 
                 	.MACRO __PUTB1EN
                 	LDI  R26,LOW(@0+(@1))
                 	LDI  R27,HIGH(@0+(@1))
                 	CALL __EEPROMWRB
                 	.ENDM
                 
                 	.MACRO __PUTW1EN
                 	LDI  R26,LOW(@0+(@1))
                 	LDI  R27,HIGH(@0+(@1))
                 	CALL __EEPROMWRW
                 	.ENDM
                 
                 	.MACRO __PUTD1EN
                 	LDI  R26,LOW(@0+(@1))
                 	LDI  R27,HIGH(@0+(@1))
                 	CALL __EEPROMWRD
                 	.ENDM
                 
                 	.MACRO __PUTBR0MN
                 	STS  @0+(@1),R0
                 	.ENDM
                 
                 	.MACRO __PUTBMRN
                 	STS  @0+(@1),R@2
                 	.ENDM
                 
                 	.MACRO __PUTWMRN
                 	STS  @0+(@1),R@2
                 	STS  @0+(@1)+1,R@3
                 	.ENDM
                 
                 	.MACRO __PUTBZR
                 	STD  Z+@1,R@0
                 	.ENDM
                 
                 	.MACRO __PUTWZR
                 	STD  Z+@2,R@0
                 	STD  Z+@2+1,R@1
                 	.ENDM
                 
                 	.MACRO __GETW1R
                 	MOV  R30,R@0
                 	MOV  R31,R@1
                 	.ENDM
                 
                 	.MACRO __GETW2R
                 	MOV  R26,R@0
                 	MOV  R27,R@1
                 	.ENDM
                 
                 	.MACRO __GETWRN
                 	LDI  R@0,LOW(@2)
                 	LDI  R@1,HIGH(@2)
                 	.ENDM
                 
                 	.MACRO __PUTW1R
                 	MOV  R@0,R30
                 	MOV  R@1,R31
                 	.ENDM
                 
                 	.MACRO __PUTW2R
                 	MOV  R@0,R26
                 	MOV  R@1,R27
                 	.ENDM
                 
                 	.MACRO __ADDWRN
                 	SUBI R@0,LOW(-@2)
                 	SBCI R@1,HIGH(-@2)
                 	.ENDM
                 
                 	.MACRO __ADDWRR
                 	ADD  R@0,R@2
                 	ADC  R@1,R@3
                 	.ENDM
                 
                 	.MACRO __SUBWRN
                 	SUBI R@0,LOW(@2)
                 	SBCI R@1,HIGH(@2)
                 	.ENDM
                 
                 	.MACRO __SUBWRR
                 	SUB  R@0,R@2
                 	SBC  R@1,R@3
                 	.ENDM
                 
                 	.MACRO __ANDWRN
                 	ANDI R@0,LOW(@2)
                 	ANDI R@1,HIGH(@2)
                 	.ENDM
                 
                 	.MACRO __ANDWRR
                 	AND  R@0,R@2
                 	AND  R@1,R@3
                 	.ENDM
                 
                 	.MACRO __ORWRN
                 	ORI  R@0,LOW(@2)
                 	ORI  R@1,HIGH(@2)
                 	.ENDM
                 
                 	.MACRO __ORWRR
                 	OR   R@0,R@2
                 	OR   R@1,R@3
                 	.ENDM
                 
                 	.MACRO __EORWRR
                 	EOR  R@0,R@2
                 	EOR  R@1,R@3
                 	.ENDM
                 
                 	.MACRO __GETWRS
                 	LDD  R@0,Y+@2
                 	LDD  R@1,Y+@2+1
                 	.ENDM
                 
                 	.MACRO __PUTBSR
                 	STD  Y+@1,R@0
                 	.ENDM
                 
                 	.MACRO __PUTWSR
                 	STD  Y+@2,R@0
                 	STD  Y+@2+1,R@1
                 	.ENDM
                 
                 	.MACRO __MOVEWRR
                 	MOV  R@0,R@2
                 	MOV  R@1,R@3
                 	.ENDM
                 
                 	.MACRO __INWR
                 	IN   R@0,@2
                 	IN   R@1,@2+1
                 	.ENDM
                 
                 	.MACRO __OUTWR
                 	OUT  @2+1,R@1
                 	OUT  @2,R@0
                 	.ENDM
                 
                 	.MACRO __CALL1MN
                 	LDS  R30,@0+(@1)
                 	LDS  R31,@0+(@1)+1
                 	ICALL
                 	.ENDM
                 
                 	.MACRO __CALL1FN
                 	LDI  R30,LOW(2*@0+(@1))
                 	LDI  R31,HIGH(2*@0+(@1))
                 	CALL __GETW1PF
                 	ICALL
                 	.ENDM
                 
                 	.MACRO __CALL2EN
                 	PUSH R26
                 	PUSH R27
                 	LDI  R26,LOW(@0+(@1))
                 	LDI  R27,HIGH(@0+(@1))
                 	CALL __EEPROMRDW
                 	POP  R27
                 	POP  R26
                 	ICALL
                 	.ENDM
                 
                 	.MACRO __CALL2EX
                 	SUBI R26,LOW(-@0)
                 	SBCI R27,HIGH(-@0)
                 	CALL __EEPROMRDD
                 	ICALL
                 	.ENDM
                 
                 	.MACRO __GETW1STACK
                 	IN   R30,SPL
                 	IN   R31,SPH
                 	ADIW R30,@0+1
                 	LD   R0,Z+
                 	LD   R31,Z
                 	MOV  R30,R0
                 	.ENDM
                 
                 	.MACRO __GETD1STACK
                 	IN   R30,SPL
                 	IN   R31,SPH
                 	ADIW R30,@0+1
                 	LD   R0,Z+
                 	LD   R1,Z+
                 	LD   R22,Z
                 	MOVW R30,R0
                 	.ENDM
                 
                 	.MACRO __NBST
                 	BST  R@0,@1
                 	IN   R30,SREG
                 	LDI  R31,0x40
                 	EOR  R30,R31
                 	OUT  SREG,R30
                 	.ENDM
                 
                 
                 	.MACRO __PUTB1SN
                 	LDD  R26,Y+@0
                 	LDD  R27,Y+@0+1
                 	SUBI R26,LOW(-@1)
                 	SBCI R27,HIGH(-@1)
                 	ST   X,R30
                 	.ENDM
                 
                 	.MACRO __PUTW1SN
                 	LDD  R26,Y+@0
                 	LDD  R27,Y+@0+1
                 	SUBI R26,LOW(-@1)
                 	SBCI R27,HIGH(-@1)
                 	ST   X+,R30
                 	ST   X,R31
                 	.ENDM
                 
                 	.MACRO __PUTD1SN
                 	LDD  R26,Y+@0
                 	LDD  R27,Y+@0+1
                 	SUBI R26,LOW(-@1)
                 	SBCI R27,HIGH(-@1)
                 	CALL __PUTDP1
                 	.ENDM
                 
                 	.MACRO __PUTB1SNS
                 	LDD  R26,Y+@0
                 	LDD  R27,Y+@0+1
                 	ADIW R26,@1
                 	ST   X,R30
                 	.ENDM
                 
                 	.MACRO __PUTW1SNS
                 	LDD  R26,Y+@0
                 	LDD  R27,Y+@0+1
                 	ADIW R26,@1
                 	ST   X+,R30
                 	ST   X,R31
                 	.ENDM
                 
                 	.MACRO __PUTD1SNS
                 	LDD  R26,Y+@0
                 	LDD  R27,Y+@0+1
                 	ADIW R26,@1
                 	CALL __PUTDP1
                 	.ENDM
                 
                 	.MACRO __PUTB1PMN
                 	LDS  R26,@0
                 	LDS  R27,@0+1
                 	SUBI R26,LOW(-@1)
                 	SBCI R27,HIGH(-@1)
                 	ST   X,R30
                 	.ENDM
                 
                 	.MACRO __PUTW1PMN
                 	LDS  R26,@0
                 	LDS  R27,@0+1
                 	SUBI R26,LOW(-@1)
                 	SBCI R27,HIGH(-@1)
                 	ST   X+,R30
                 	ST   X,R31
                 	.ENDM
                 
                 	.MACRO __PUTD1PMN
                 	LDS  R26,@0
                 	LDS  R27,@0+1
                 	SUBI R26,LOW(-@1)
                 	SBCI R27,HIGH(-@1)
                 	CALL __PUTDP1
                 	.ENDM
                 
                 	.MACRO __PUTB1PMNS
                 	LDS  R26,@0
                 	LDS  R27,@0+1
                 	ADIW R26,@1
                 	ST   X,R30
                 	.ENDM
                 
                 	.MACRO __PUTW1PMNS
                 	LDS  R26,@0
                 	LDS  R27,@0+1
                 	ADIW R26,@1
                 	ST   X+,R30
                 	ST   X,R31
                 	.ENDM
                 
                 	.MACRO __PUTD1PMNS
                 	LDS  R26,@0
                 	LDS  R27,@0+1
                 	ADIW R26,@1
                 	CALL __PUTDP1
                 	.ENDM
                 
                 	.MACRO __PUTB1RN
                 	MOVW R26,R@0
                 	SUBI R26,LOW(-@1)
                 	SBCI R27,HIGH(-@1)
                 	ST   X,R30
                 	.ENDM
                 
                 	.MACRO __PUTW1RN
                 	MOVW R26,R@0
                 	SUBI R26,LOW(-@1)
                 	SBCI R27,HIGH(-@1)
                 	ST   X+,R30
                 	ST   X,R31
                 	.ENDM
                 
                 	.MACRO __PUTD1RN
                 	MOVW R26,R@0
                 	SUBI R26,LOW(-@1)
                 	SBCI R27,HIGH(-@1)
                 	CALL __PUTDP1
                 	.ENDM
                 
                 	.MACRO __PUTB1RNS
                 	MOVW R26,R@0
                 	ADIW R26,@1
                 	ST   X,R30
                 	.ENDM
                 
                 	.MACRO __PUTW1RNS
                 	MOVW R26,R@0
                 	ADIW R26,@1
                 	ST   X+,R30
                 	ST   X,R31
                 	.ENDM
                 
                 	.MACRO __PUTD1RNS
                 	MOVW R26,R@0
                 	ADIW R26,@1
                 	CALL __PUTDP1
                 	.ENDM
                 
                 	.MACRO __PUTB1RON
                 	MOV  R26,R@0
                 	MOV  R27,R@1
                 	SUBI R26,LOW(-@2)
                 	SBCI R27,HIGH(-@2)
                 	ST   X,R30
                 	.ENDM
                 
                 	.MACRO __PUTW1RON
                 	MOV  R26,R@0
                 	MOV  R27,R@1
                 	SUBI R26,LOW(-@2)
                 	SBCI R27,HIGH(-@2)
                 	ST   X+,R30
                 	ST   X,R31
                 	.ENDM
                 
                 	.MACRO __PUTD1RON
                 	MOV  R26,R@0
                 	MOV  R27,R@1
                 	SUBI R26,LOW(-@2)
                 	SBCI R27,HIGH(-@2)
                 	CALL __PUTDP1
                 	.ENDM
                 
                 	.MACRO __PUTB1RONS
                 	MOV  R26,R@0
                 	MOV  R27,R@1
                 	ADIW R26,@2
                 	ST   X,R30
                 	.ENDM
                 
                 	.MACRO __PUTW1RONS
                 	MOV  R26,R@0
                 	MOV  R27,R@1
                 	ADIW R26,@2
                 	ST   X+,R30
                 	ST   X,R31
                 	.ENDM
                 
                 	.MACRO __PUTD1RONS
                 	MOV  R26,R@0
                 	MOV  R27,R@1
                 	ADIW R26,@2
                 	CALL __PUTDP1
                 	.ENDM
                 
                 
                 	.MACRO __GETB1SX
                 	MOVW R30,R28
                 	SUBI R30,LOW(-@0)
                 	SBCI R31,HIGH(-@0)
                 	LD   R30,Z
                 	.ENDM
                 
                 	.MACRO __GETB1HSX
                 	MOVW R30,R28
                 	SUBI R30,LOW(-@0)
                 	SBCI R31,HIGH(-@0)
                 	LD   R31,Z
                 	.ENDM
                 
                 	.MACRO __GETW1SX
                 	MOVW R30,R28
                 	SUBI R30,LOW(-@0)
                 	SBCI R31,HIGH(-@0)
                 	LD   R0,Z+
                 	LD   R31,Z
                 	MOV  R30,R0
                 	.ENDM
                 
                 	.MACRO __GETD1SX
                 	MOVW R30,R28
                 	SUBI R30,LOW(-@0)
                 	SBCI R31,HIGH(-@0)
                 	LD   R0,Z+
                 	LD   R1,Z+
                 	LD   R22,Z+
                 	LD   R23,Z
                 	MOVW R30,R0
                 	.ENDM
                 
                 	.MACRO __GETB2SX
                 	MOVW R26,R28
                 	SUBI R26,LOW(-@0)
                 	SBCI R27,HIGH(-@0)
                 	LD   R26,X
                 	.ENDM
                 
                 	.MACRO __GETW2SX
                 	MOVW R26,R28
                 	SUBI R26,LOW(-@0)
                 	SBCI R27,HIGH(-@0)
                 	LD   R0,X+
                 	LD   R27,X
                 	MOV  R26,R0
                 	.ENDM
                 
                 	.MACRO __GETD2SX
                 	MOVW R26,R28
                 	SUBI R26,LOW(-@0)
                 	SBCI R27,HIGH(-@0)
                 	LD   R0,X+
                 	LD   R1,X+
                 	LD   R24,X+
                 	LD   R25,X
                 	MOVW R26,R0
                 	.ENDM
                 
                 	.MACRO __GETBRSX
                 	MOVW R30,R28
                 	SUBI R30,LOW(-@1)
                 	SBCI R31,HIGH(-@1)
                 	LD   R@0,Z
                 	.ENDM
                 
                 	.MACRO __GETWRSX
                 	MOVW R30,R28
                 	SUBI R30,LOW(-@2)
                 	SBCI R31,HIGH(-@2)
                 	LD   R@0,Z+
                 	LD   R@1,Z
                 	.ENDM
                 
                 	.MACRO __GETBRSX2
                 	MOVW R26,R28
                 	SUBI R26,LOW(-@1)
                 	SBCI R27,HIGH(-@1)
                 	LD   R@0,X
                 	.ENDM
                 
                 	.MACRO __GETWRSX2
                 	MOVW R26,R28
                 	SUBI R26,LOW(-@2)
                 	SBCI R27,HIGH(-@2)
                 	LD   R@0,X+
                 	LD   R@1,X
                 	.ENDM
                 
                 	.MACRO __LSLW8SX
                 	MOVW R30,R28
                 	SUBI R30,LOW(-@0)
                 	SBCI R31,HIGH(-@0)
                 	LD   R31,Z
                 	CLR  R30
                 	.ENDM
                 
                 	.MACRO __PUTB1SX
                 	MOVW R26,R28
                 	SUBI R26,LOW(-@0)
                 	SBCI R27,HIGH(-@0)
                 	ST   X,R30
                 	.ENDM
                 
                 	.MACRO __PUTW1SX
                 	MOVW R26,R28
                 	SUBI R26,LOW(-@0)
                 	SBCI R27,HIGH(-@0)
                 	ST   X+,R30
                 	ST   X,R31
                 	.ENDM
                 
                 	.MACRO __PUTD1SX
                 	MOVW R26,R28
                 	SUBI R26,LOW(-@0)
                 	SBCI R27,HIGH(-@0)
                 	ST   X+,R30
                 	ST   X+,R31
                 	ST   X+,R22
                 	ST   X,R23
                 	.ENDM
                 
                 	.MACRO __CLRW1SX
                 	MOVW R26,R28
                 	SUBI R26,LOW(-@0)
                 	SBCI R27,HIGH(-@0)
                 	ST   X+,R30
                 	ST   X,R30
                 	.ENDM
                 
                 	.MACRO __CLRD1SX
                 	MOVW R26,R28
                 	SUBI R26,LOW(-@0)
                 	SBCI R27,HIGH(-@0)
                 	ST   X+,R30
                 	ST   X+,R30
                 	ST   X+,R30
                 	ST   X,R30
                 	.ENDM
                 
                 	.MACRO __PUTB2SX
                 	MOVW R30,R28
                 	SUBI R30,LOW(-@0)
                 	SBCI R31,HIGH(-@0)
                 	ST   Z,R26
                 	.ENDM
                 
                 	.MACRO __PUTW2SX
                 	MOVW R30,R28
                 	SUBI R30,LOW(-@0)
                 	SBCI R31,HIGH(-@0)
                 	ST   Z+,R26
                 	ST   Z,R27
                 	.ENDM
                 
                 	.MACRO __PUTD2SX
                 	MOVW R30,R28
                 	SUBI R30,LOW(-@0)
                 	SBCI R31,HIGH(-@0)
                 	ST   Z+,R26
                 	ST   Z+,R27
                 	ST   Z+,R24
                 	ST   Z,R25
                 	.ENDM
                 
                 	.MACRO __PUTBSRX
                 	MOVW R30,R28
                 	SUBI R30,LOW(-@1)
                 	SBCI R31,HIGH(-@1)
                 	ST   Z,R@0
                 	.ENDM
                 
                 	.MACRO __PUTWSRX
                 	MOVW R30,R28
                 	SUBI R30,LOW(-@2)
                 	SBCI R31,HIGH(-@2)
                 	ST   Z+,R@0
                 	ST   Z,R@1
                 	.ENDM
                 
                 	.MACRO __PUTB1SNX
                 	MOVW R26,R28
                 	SUBI R26,LOW(-@0)
                 	SBCI R27,HIGH(-@0)
                 	LD   R0,X+
                 	LD   R27,X
                 	MOV  R26,R0
                 	SUBI R26,LOW(-@1)
                 	SBCI R27,HIGH(-@1)
                 	ST   X,R30
                 	.ENDM
                 
                 	.MACRO __PUTW1SNX
                 	MOVW R26,R28
                 	SUBI R26,LOW(-@0)
                 	SBCI R27,HIGH(-@0)
                 	LD   R0,X+
                 	LD   R27,X
                 	MOV  R26,R0
                 	SUBI R26,LOW(-@1)
                 	SBCI R27,HIGH(-@1)
                 	ST   X+,R30
                 	ST   X,R31
                 	.ENDM
                 
                 	.MACRO __PUTD1SNX
                 	MOVW R26,R28
                 	SUBI R26,LOW(-@0)
                 	SBCI R27,HIGH(-@0)
                 	LD   R0,X+
                 	LD   R27,X
                 	MOV  R26,R0
                 	SUBI R26,LOW(-@1)
                 	SBCI R27,HIGH(-@1)
                 	ST   X+,R30
                 	ST   X+,R31
                 	ST   X+,R22
                 	ST   X,R23
                 	.ENDM
                 
                 	.MACRO __MULBRR
                 	MULS R@0,R@1
                 	MOVW R30,R0
                 	.ENDM
                 
                 	.MACRO __MULBRRU
                 	MUL  R@0,R@1
                 	MOVW R30,R0
                 	.ENDM
                 
                 	.MACRO __MULBRR0
                 	MULS R@0,R@1
                 	.ENDM
                 
                 	.MACRO __MULBRRU0
                 	MUL  R@0,R@1
                 	.ENDM
                 
                 	.MACRO __MULBNWRU
                 	LDI  R26,@2
                 	MUL  R26,R@0
                 	MOVW R30,R0
                 	MUL  R26,R@1
                 	ADD  R31,R0
                 	.ENDM
                 
                 ;GPIOR0 INITIALIZATION VALUE
                 	.EQU __GPIOR0_INIT=0x00
                 
                 	.CSEG
                 	.ORG 0x00
                 
                 ;START OF CODE MARKER
                 __START_OF_CODE:
                 
                 ;INTERRUPT VECTORS
000000 940c 0199 	JMP  __RESET
000002 940c 0000 	JMP  0x00
000004 940c 0000 	JMP  0x00
000006 940c 0000 	JMP  0x00
000008 940c 0000 	JMP  0x00
00000a 940c 0000 	JMP  0x00
00000c 940c 0000 	JMP  0x00
00000e 940c 0000 	JMP  0x00
000010 940c 0000 	JMP  0x00
000012 940c 0000 	JMP  0x00
000014 940c 0000 	JMP  0x00
000016 940c 0000 	JMP  0x00
000018 940c 0000 	JMP  0x00
00001a 940c 0000 	JMP  0x00
00001c 940c 0000 	JMP  0x00
00001e 940c 0000 	JMP  0x00
000020 940c 0000 	JMP  0x00
000022 940c 0000 	JMP  0x00
000024 940c 0000 	JMP  0x00
000026 940c 0000 	JMP  0x00
000028 940c 0000 	JMP  0x00
00002a 940c 0000 	JMP  0x00
00002c 940c 0000 	JMP  0x00
00002e 940c 0000 	JMP  0x00
000030 940c 0000 	JMP  0x00
000032 940c 0000 	JMP  0x00
000034 940c 0000 	JMP  0x00
000036 940c 0000 	JMP  0x00
000038 940c 0000 	JMP  0x00
00003a 940c 0000 	JMP  0x00
00003c 940c 0000 	JMP  0x00
00003e 940c 0000 	JMP  0x00
000040 940c 0000 	JMP  0x00
000042 940c 0000 	JMP  0x00
000044 940c 0000 	JMP  0x00
000046 940c 0000 	JMP  0x00
000048 940c 0000 	JMP  0x00
00004a 940c 0000 	JMP  0x00
                 
                 _Letras:
00004c 0000
00004d 0000
00004e 0000
00004f f200      	.DB  0x0,0x0,0x0,0x0,0x0,0x0,0x0,0xF2
000050 0000
000051 e000
000052 e000
000053 2800      	.DB  0x0,0x0,0x0,0xE0,0x0,0xE0,0x0,0x28
000054 28fe
000055 28fe
000056 5424
000057 54fe      	.DB  0xFE,0x28,0xFE,0x28,0x24,0x54,0xFE,0x54
000058 c448
000059 10c8
00005a 4626
00005b 926c      	.DB  0x48,0xC4,0xC8,0x10,0x26,0x46,0x6C,0x92
00005c 84aa
00005d 000a
00005e c0a0
00005f 0000      	.DB  0xAA,0x84,0xA,0x0,0xA0,0xC0,0x0,0x0
000060 3800
000061 8244
000062 0000
000063 4482      	.DB  0x0,0x38,0x44,0x82,0x0,0x0,0x82,0x44
000064 0038
000065 1028
000066 107c
000067 1028      	.DB  0x38,0x0,0x28,0x10,0x7C,0x10,0x28,0x10
000068 7c10
000069 1010
00006a 0500
00006b 0006      	.DB  0x10,0x7C,0x10,0x10,0x0,0x5,0x6,0x0
00006c 1000
00006d 1010
00006e 1010
00006f 0600      	.DB  0x0,0x10,0x10,0x10,0x10,0x10,0x0,0x6
000070 0006
000071 0400
000072 1008
000073 4020      	.DB  0x6,0x0,0x0,0x4,0x8,0x10,0x20,0x40
000074 8a7c
000075 a292
000076 007c
000077 fe42      	.DB  0x7C,0x8A,0x92,0xA2,0x7C,0x0,0x42,0xFE
000078 0002
000079 8642
00007a 928a
00007b 8462      	.DB  0x2,0x0,0x42,0x86,0x8A,0x92,0x62,0x84
00007c a282
00007d 9ce2
00007e 2818
00007f fe48      	.DB  0x82,0xA2,0xE2,0x9C,0x18,0x28,0x48,0xFE
000080 e408
000081 a2a2
000082 9ca2
000083 523c      	.DB  0x8,0xE4,0xA2,0xA2,0xA2,0x9C,0x3C,0x52
000084 9292
000085 800c
000086 908e
000087 c0a0      	.DB  0x92,0x92,0xC,0x80,0x8E,0x90,0xA0,0xC0
000088 926c
000089 9292
00008a 606c
00008b 9292      	.DB  0x6C,0x92,0x92,0x92,0x6C,0x60,0x92,0x92
00008c 7894
00008d 3600
00008e 0036
00008f 0000      	.DB  0x94,0x78,0x0,0x36,0x36,0x0,0x0,0x0
000090 3635
000091 0000
000092 2810
000093 8244      	.DB  0x35,0x36,0x0,0x0,0x10,0x28,0x44,0x82
000094 2800
000095 2828
000096 2828
000097 8200      	.DB  0x0,0x28,0x28,0x28,0x28,0x28,0x0,0x82
000098 2844
000099 4010
00009a 8a80
00009b 6090      	.DB  0x44,0x28,0x10,0x40,0x80,0x8A,0x90,0x60
00009c 924c
00009d 829e
00009e 7e7c
00009f 9090      	.DB  0x4C,0x92,0x9E,0x82,0x7C,0x7E,0x90,0x90
0000a0 7e90
0000a1 92fe
0000a2 9292
0000a3 7c6c      	.DB  0x90,0x7E,0xFE,0x92,0x92,0x92,0x6C,0x7C
0000a4 8282
0000a5 4482
0000a6 82fe
0000a7 8282      	.DB  0x82,0x82,0x82,0x44,0xFE,0x82,0x82,0x82
0000a8 fe7c
0000a9 9292
0000aa 9292
0000ab 90fe      	.DB  0x7C,0xFE,0x92,0x92,0x92,0x92,0xFE,0x90
0000ac 9090
0000ad 7c90
0000ae 9282
0000af 5c92      	.DB  0x90,0x90,0x90,0x7C,0x82,0x92,0x92,0x5C
0000b0 10fe
0000b1 1010
0000b2 00fe
0000b3 fe82      	.DB  0xFE,0x10,0x10,0x10,0xFE,0x0,0x82,0xFE
0000b4 0082
0000b5 8284
0000b6 8282
0000b7 fefc      	.DB  0x82,0x0,0x84,0x82,0x82,0x82,0xFC,0xFE
0000b8 2810
0000b9 8244
0000ba 02fe
0000bb 0202      	.DB  0x10,0x28,0x44,0x82,0xFE,0x2,0x2,0x2
0000bc fe02
0000bd 2040
0000be fe40
0000bf 40fe      	.DB  0x2,0xFE,0x40,0x20,0x40,0xFE,0xFE,0x40
0000c0 1020
0000c1 7cfe
0000c2 8282
0000c3 7c82      	.DB  0x20,0x10,0xFE,0x7C,0x82,0x82,0x82,0x7C
0000c4 90fe
0000c5 9090
0000c6 7c60
0000c7 8682      	.DB  0xFE,0x90,0x90,0x90,0x60,0x7C,0x82,0x86
0000c8 7d82
0000c9 90fe
0000ca 9498
0000cb 6462      	.DB  0x82,0x7D,0xFE,0x90,0x98,0x94,0x62,0x64
0000cc 9292
0000cd 4c92
0000ce 8080
0000cf 80fe      	.DB  0x92,0x92,0x92,0x4C,0x80,0x80,0xFE,0x80
0000d0 fc80
0000d1 0202
0000d2 fc02
0000d3 04f8      	.DB  0x80,0xFC,0x2,0x2,0x2,0xFC,0xF8,0x4
0000d4 0402
0000d5 fef8
0000d6 0804
0000d7 fe04      	.DB  0x2,0x4,0xF8,0xFE,0x4,0x8,0x4,0xFE
0000d8 28c6
0000d9 2810
0000da c0c6
0000db 1e20      	.DB  0xC6,0x28,0x10,0x28,0xC6,0xC0,0x20,0x1E
0000dc c020
0000dd 8a86
0000de a292
0000df 00c2      	.DB  0x20,0xC0,0x86,0x8A,0x92,0xA2,0xC2,0x0
0000e0 82fe
0000e1 0082
0000e2 2040
0000e3 0810      	.DB  0xFE,0x82,0x82,0x0,0x40,0x20,0x10,0x8
0000e4 0004
0000e5 8282
0000e6 00fe
0000e7 4020      	.DB  0x4,0x0,0x82,0x82,0xFE,0x0,0x20,0x40
0000e8 4080
0000e9 0220
0000ea 0202
0000eb 0202      	.DB  0x80,0x40,0x20,0x2,0x2,0x2,0x2,0x2
0000ec 8000
0000ed 2040
0000ee 0400
0000ef 2a2a      	.DB  0x0,0x80,0x40,0x20,0x0,0x4,0x2A,0x2A
0000f0 1e2a
0000f1 12fe
0000f2 2222
0000f3 1c1c      	.DB  0x2A,0x1E,0xFE,0x12,0x22,0x22,0x1C,0x1C
0000f4 2222
0000f5 2222
0000f6 221c
0000f7 1222      	.DB  0x22,0x22,0x22,0x22,0x1C,0x22,0x22,0x12
0000f8 1cfe
0000f9 2a2a
0000fa 182a
0000fb 7e10      	.DB  0xFE,0x1C,0x2A,0x2A,0x2A,0x18,0x10,0x7E
0000fc 8090
0000fd 1840
0000fe 2525
0000ff 3e25      	.DB  0x90,0x80,0x40,0x18,0x25,0x25,0x25,0x3E
000100 10fe
000101 2020
000102 001e
000103 be22      	.DB  0xFE,0x10,0x20,0x20,0x1E,0x0,0x22,0xBE
000104 0002
000105 0204
000106 bc22
000107 fe00      	.DB  0x2,0x0,0x4,0x2,0x22,0xBC,0x0,0xFE
000108 1408
000109 0022
00010a 8200
00010b 02fe      	.DB  0x8,0x14,0x22,0x0,0x0,0x82,0xFE,0x2
00010c 3e00
00010d 1820
00010e 1e20
00010f 103e      	.DB  0x0,0x3E,0x20,0x18,0x20,0x1E,0x3E,0x10
000110 2020
000111 1c1e
000112 2222
000113 1c22      	.DB  0x20,0x20,0x1E,0x1C,0x22,0x22,0x22,0x1C
000114 243f
000115 2424
000116 1818
000117 2424      	.DB  0x3F,0x24,0x24,0x24,0x18,0x18,0x24,0x24
000118 3f24
000119 103e
00011a 2020
00011b 1210      	.DB  0x24,0x3F,0x3E,0x10,0x20,0x20,0x10,0x12
00011c 2a2a
00011d 042a
00011e fe20
00011f 0222      	.DB  0x2A,0x2A,0x2A,0x4,0x20,0xFE,0x22,0x2
000120 3c04
000121 0202
000122 3e04
000123 0438      	.DB  0x4,0x3C,0x2,0x2,0x4,0x3E,0x38,0x4
000124 0402
000125 3c38
000126 0c02
000127 3c02      	.DB  0x2,0x4,0x38,0x3C,0x2,0xC,0x2,0x3C
000128 1422
000129 1408
00012a 3022
00012b 0a0a      	.DB  0x22,0x14,0x8,0x14,0x22,0x30,0xA,0xA
00012c 3c0a
00012d 2622
00012e 322a
00012f 0022      	.DB  0xA,0x3C,0x22,0x26,0x2A,0x32,0x22,0x0
000130 6c10
000131 0082
000132 0000
000133 00fe      	.DB  0x10,0x6C,0x82,0x0,0x0,0x0,0xFE,0x0
000134 0000
000135 6c82
000136 0010
000137 2010      	.DB  0x0,0x0,0x82,0x6C,0x10,0x0,0x10,0x20
000138 0810
000139 0010
00013a 0000
00013b 0000      	.DB  0x10,0x8,0x10,0x0,0x0,0x0,0x0,0x0
00013c aa04
00013d aa2a
00013e 1c1e
00013f 22a2      	.DB  0x4,0xAA,0x2A,0xAA,0x1E,0x1C,0xA2,0x22
000140 1ca2
000141 421c
000142 4202
000143 3e1c      	.DB  0xA2,0x1C,0x1C,0x42,0x2,0x42,0x1C,0x3E
000144 50d0
000145 3ed0
000146 c23c
000147 c242      	.DB  0xD0,0x50,0xD0,0x3E,0x3C,0xC2,0x42,0xC2
000148 3c3c
000149 0282
00014a 3c82
00014b 907f      	.DB  0x3C,0x3C,0x82,0x2,0x82,0x3C,0x7F,0x90
00014c 9292
00014d 006c
00014e 0000
00014f 0000      	.DB  0x92,0x92,0x6C,0x0,0x0,0x0,0x0,0x0
000150 0000
000151 0000
000152 0000
000153 0000      	.DB  0x0,0x0,0x0,0x0,0x0,0x0,0x0,0x0
000154 0000
000155 0000
000156 0000
000157 0000      	.DB  0x0,0x0,0x0,0x0,0x0,0x0,0x0,0x0
000158 0000
000159 0000
00015a 0000
00015b 0000      	.DB  0x0,0x0,0x0,0x0,0x0,0x0,0x0,0x0
00015c 0000
00015d 0000
00015e 0000
00015f 0000      	.DB  0x0,0x0,0x0,0x0,0x0,0x0,0x0,0x0
000160 0000
000161 0000
000162 0000
000163 0000      	.DB  0x0,0x0,0x0,0x0,0x0,0x0,0x0,0x0
000164 0000
000165 0000
000166 0000
000167 0000      	.DB  0x0,0x0,0x0,0x0,0x0,0x0,0x0,0x0
000168 0000
000169 0000
00016a 0000
00016b 0000      	.DB  0x0,0x0,0x0,0x0,0x0,0x0,0x0,0x0
00016c 0000
00016d 0000
00016e 0000
00016f 0000      	.DB  0x0,0x0,0x0,0x0,0x0,0x0,0x0,0x0
000170 0000
000171 0000
000172 0000
000173 0000      	.DB  0x0,0x0,0x0,0x0,0x0,0x0,0x0,0x0
000174 0000
000175 0000
000176 0000
000177 0000      	.DB  0x0,0x0,0x0,0x0,0x0,0x0,0x0,0x0
000178 0000
000179 0000
00017a 0000
00017b 0000      	.DB  0x0,0x0,0x0,0x0,0x0,0x0,0x0,0x0
00017c 0000
00017d 0000
00017e 0000
00017f 0000      	.DB  0x0,0x0,0x0,0x0,0x0,0x0,0x0,0x0
000180 0000
000181 0000
000182 0000
000183 0000      	.DB  0x0,0x0,0x0,0x0,0x0,0x0,0x0,0x0
000184 0000
000185 0000
000186 0000
000187 0000      	.DB  0x0,0x0,0x0,0x0,0x0,0x0,0x0,0x0
000188 0000
000189 0000
00018a 0000
00018b 0000      	.DB  0x0,0x0,0x0,0x0,0x0,0x0,0x0,0x0
00018c 0000
00018d 0000
00018e 0000
00018f 0000      	.DB  0x0,0x0,0x0,0x0,0x0,0x0,0x0,0x0
000190 0000
000191 0000
000192 0000
000193 0000      	.DB  0x0,0x0,0x0,0x0,0x0,0x0,0x0,0x0
000194 0000
000195 0000
000196 0000
000197 0000      	.DB  0x0,0x0,0x0,0x0,0x0,0x0,0x0,0x0
C:\Users\980006738\Documents\Semestre 8\Lab de Micros\Practica 5\Debug\List\Matriz_LEDS.asm(1223): warning: .cseg .db misalignment - padding zero byte
000198 0000      	.DB  0x0
                 
                 __RESET:
000199 94f8      	CLI
00019a 27ee      	CLR  R30
00019b bbef      	OUT  EECR,R30
                 
                 ;INTERRUPT VECTORS ARE PLACED
                 ;AT THE START OF FLASH
00019c e0f1      	LDI  R31,1
00019d bff5      	OUT  MCUCR,R31
00019e bfe5      	OUT  MCUCR,R30
                 
                 ;CLEAR R2-R14
00019f e08d      	LDI  R24,(14-2)+1
0001a0 e0a2      	LDI  R26,2
0001a1 27bb      	CLR  R27
                 __CLEAR_REG:
0001a2 93ed      	ST   X+,R30
0001a3 958a      	DEC  R24
0001a4 f7e9      	BRNE __CLEAR_REG
                 
                 ;CLEAR SRAM
0001a5 e080      	LDI  R24,LOW(__CLEAR_SRAM_SIZE)
0001a6 e290      	LDI  R25,HIGH(__CLEAR_SRAM_SIZE)
0001a7 e0a0      	LDI  R26,LOW(__SRAM_START)
0001a8 e0b1      	LDI  R27,HIGH(__SRAM_START)
                 __CLEAR_SRAM:
0001a9 93ed      	ST   X+,R30
0001aa 9701      	SBIW R24,1
0001ab f7e9      	BRNE __CLEAR_SRAM
                 
0001ac bf8b      	OUT  RAMPZ,R24
                 
                 ;GPIOR0 INITIALIZATION
0001ad e0e0      	LDI  R30,__GPIOR0_INIT
0001ae bbee      	OUT  GPIOR0,R30
                 
                 ;HARDWARE STACK POINTER INITIALIZATION
0001af efef      	LDI  R30,LOW(__SRAM_END-__HEAP_SIZE)
0001b0 bfed      	OUT  SPL,R30
0001b1 e2e0      	LDI  R30,HIGH(__SRAM_END-__HEAP_SIZE)
0001b2 bfee      	OUT  SPH,R30
                 
                 ;DATA STACK POINTER INITIALIZATION
0001b3 e0c0      	LDI  R28,LOW(__SRAM_START+__DSTACK_SIZE)
0001b4 e0d9      	LDI  R29,HIGH(__SRAM_START+__DSTACK_SIZE)
                 
0001b5 940c 0216 	JMP  _main
                 
                 	.ESEG
                 	.ORG 0
                 
                 	.DSEG
                 	.ORG 0x900
                 
                 	.CSEG
                 ;/*
                 ; * Matriz_LEDS.c
                 ; *
                 ; * Created: 21/04/2020 05:36:03 p. m.
                 ; * Author: Chucho López Ortega
                 ; */
                 ;
                 ;#include <io.h>
                 	#ifndef __SLEEP_DEFINED__
                 	#define __SLEEP_DEFINED__
                 	.EQU __se_bit=0x01
                 	.EQU __sm_mask=0x0E
                 	.EQU __sm_powerdown=0x04
                 	.EQU __sm_powersave=0x06
                 	.EQU __sm_standby=0x0C
                 	.EQU __sm_ext_standby=0x0E
                 	.EQU __sm_adc_noise_red=0x02
                 	.SET power_ctrl_reg=smcr
                 	#endif
                 ;#include <delay.h>
                 ;#include "Letras.h"
                 ;
                 ;#define DIN PORTC.0
                 ;#define LOAD PORTC.1
                 ;#define CLK PORTC.2
                 ;
                 ;void MandaMax7219 (unsigned int dato)
                 ; 0000 0011 {
                 
                 	.CSEG
                 _MandaMax7219:
                 ; .FSTART _MandaMax7219
                 ; 0000 0012     unsigned char i;        //Contador para 16b
                 ; 0000 0013     CLK=0;                  //Valores de inicializacion
0001b7 93ba      	ST   -Y,R27
0001b8 93aa      	ST   -Y,R26
0001b9 931a      	ST   -Y,R17
                 ;	dato -> Y+1
                 ;	i -> R17
0001ba 9842      	CBI  0x8,2
                 ; 0000 0014     LOAD=0;                 //Valores de inicializacion
0001bb 9841      	CBI  0x8,1
                 ; 0000 0015     for (i=0;i<16;i++)
0001bc e010      	LDI  R17,LOW(0)
                 _0x8:
0001bd 3110      	CPI  R17,16
0001be f480      	BRSH _0x9
                 ; 0000 0016     {
                 ; 0000 0017         if ((dato&0x8000)==0)
0001bf 81ea      	LDD  R30,Y+2
0001c0 78e0      	ANDI R30,LOW(0x80)
0001c1 f411      	BRNE _0xA
                 ; 0000 0018             DIN=0;
0001c2 9840      	CBI  0x8,0
                 ; 0000 0019         else
0001c3 c001      	RJMP _0xD
                 _0xA:
                 ; 0000 001A             DIN=1;
0001c4 9a40      	SBI  0x8,0
                 ; 0000 001B         CLK=1;
                 _0xD:
0001c5 9a42      	SBI  0x8,2
                 ; 0000 001C         CLK=0;
0001c6 9842      	CBI  0x8,2
                 ; 0000 001D         dato=dato<<1;         //El siguiente bit pasa a ser el mas significativo
0001c7 81e9      	LDD  R30,Y+1
0001c8 81fa      	LDD  R31,Y+1+1
0001c9 0fee      	LSL  R30
0001ca 1fff      	ROL  R31
0001cb 83e9      	STD  Y+1,R30
0001cc 83fa      	STD  Y+1+1,R31
                 ; 0000 001E     }
0001cd 5f1f      	SUBI R17,-1
0001ce cfee      	RJMP _0x8
                 _0x9:
                 ; 0000 001F     LOAD=1;
0001cf 9a41      	SBI  0x8,1
                 ; 0000 0020     LOAD=0;
0001d0 9841      	CBI  0x8,1
                 ; 0000 0021 }
0001d1 8118      	LDD  R17,Y+0
0001d2 9623      	ADIW R28,3
0001d3 9508      	RET
                 ; .FEND
                 ;
                 ;void ConfiguraMax(void)
                 ; 0000 0024 {
                 _ConfiguraMax:
                 ; .FSTART _ConfiguraMax
                 ; 0000 0025     DDRC=0x07;              //Salidas en PC0,PC1,PC2
0001d4 e0e7      	LDI  R30,LOW(7)
0001d5 b9e7      	OUT  0x7,R30
                 ; 0000 0026     MandaMax7219(0x0900);    //Mando a 0x09 un 0x00 (Decode Mode)
0001d6 e0a0      	LDI  R26,LOW(2304)
0001d7 e0b9      	LDI  R27,HIGH(2304)
0001d8 dfde      	RCALL _MandaMax7219
                 ; 0000 0027     MandaMax7219(0x0A08);    //Mando a 0x0A un 0x08 (Decode Mode)
0001d9 e0a8      	LDI  R26,LOW(2568)
0001da e0ba      	LDI  R27,HIGH(2568)
0001db dfdb      	RCALL _MandaMax7219
                 ; 0000 0028     MandaMax7219(0x0B07);    //Mando a 0x0B un 0x07 (Decode Mode)
0001dc e0a7      	LDI  R26,LOW(2823)
0001dd e0bb      	LDI  R27,HIGH(2823)
0001de dfd8      	RCALL _MandaMax7219
                 ; 0000 0029     MandaMax7219(0x0C01);    //Mando a 0x01 un 0x01 (Decode Mode)
0001df e0a1      	LDI  R26,LOW(3073)
0001e0 e0bc      	LDI  R27,HIGH(3073)
0001e1 dfd5      	RCALL _MandaMax7219
                 ; 0000 002A     MandaMax7219(0x0F00);    //Mando a 0x0F un 0x00 (Decode Mode)
0001e2 e0a0      	LDI  R26,LOW(3840)
0001e3 e0bf      	LDI  R27,HIGH(3840)
0001e4 dfd2      	RCALL _MandaMax7219
                 ; 0000 002B }
0001e5 9508      	RET
                 ; .FEND
                 ;
                 ;void MandaLetra(char letra)
                 ; 0000 002E {
                 _MandaLetra:
                 ; .FSTART _MandaLetra
                 ; 0000 002F     unsigned char i;
                 ; 0000 0030     letra=letra-32;          //offset de la tabla (espacio es el primer caracter)
0001e6 93aa      	ST   -Y,R26
0001e7 931a      	ST   -Y,R17
                 ;	letra -> Y+1
                 ;	i -> R17
0001e8 81e9      	LDD  R30,Y+1
0001e9 52e0      	SUBI R30,LOW(32)
0001ea 83e9      	STD  Y+1,R30
                 ; 0000 0031     MandaMax7219(0x0100);    //elimino las columnas que no ocupo
0001eb e0a0      	LDI  R26,LOW(256)
0001ec e0b1      	LDI  R27,HIGH(256)
0001ed dfc9      	RCALL _MandaMax7219
                 ; 0000 0032     MandaMax7219(0x0200);    //elimino las columnas que no ocupo
0001ee e0a0      	LDI  R26,LOW(512)
0001ef e0b2      	LDI  R27,HIGH(512)
0001f0 dfc6      	RCALL _MandaMax7219
                 ; 0000 0033     MandaMax7219(0x0800);    //elimino las columnas que no ocupo
0001f1 e0a0      	LDI  R26,LOW(2048)
0001f2 e0b8      	LDI  R27,HIGH(2048)
0001f3 dfc3      	RCALL _MandaMax7219
                 ; 0000 0034 
                 ; 0000 0035     for (i=3;i<8;i++)
0001f4 e013      	LDI  R17,LOW(3)
                 _0x19:
0001f5 3018      	CPI  R17,8
0001f6 f4e0      	BRSH _0x1A
                 ; 0000 0036         MandaMax7219((i<<8)|Letras[letra][7-i]);
0001f7 2ff1      	MOV  R31,R17
0001f8 e0e0      	LDI  R30,LOW(0)
0001f9 01cf      	MOVW R24,R30
0001fa 81e9      	LDD  R30,Y+1
0001fb e0a5      	LDI  R26,LOW(5)
0001fc 9fea      	MUL  R30,R26
0001fd 01f0      	MOVW R30,R0
0001fe 56e8      	SUBI R30,LOW(-_Letras*2)
0001ff 4fff      	SBCI R31,HIGH(-_Letras*2)
000200 01bf      	MOVW R22,R30
000201 2fe1      	MOV  R30,R17
000202 e0f0      	LDI  R31,0
000203 e0a7      	LDI  R26,LOW(7)
000204 e0b0      	LDI  R27,HIGH(7)
000205 940e 0247 	CALL __SWAPW12
000207 1bea      	SUB  R30,R26
000208 0bfb      	SBC  R31,R27
000209 0fe6      	ADD  R30,R22
00020a 1ff7      	ADC  R31,R23
00020b 91e4      	LPM  R30,Z
00020c e0f0      	LDI  R31,0
00020d 2be8      	OR   R30,R24
00020e 2bf9      	OR   R31,R25
00020f 01df      	MOVW R26,R30
000210 dfa6      	RCALL _MandaMax7219
000211 5f1f      	SUBI R17,-1
000212 cfe2      	RJMP _0x19
                 _0x1A:
                 ; 0000 003E }
000213 8118      	LDD  R17,Y+0
000214 9622      	ADIW R28,2
000215 9508      	RET
                 ; .FEND
                 ;
                 ;void main(void)
                 ; 0000 0041 {
                 _main:
                 ; .FSTART _main
                 ; 0000 0042 
                 ; 0000 0043 PORTD=0x07;     //seteo de botones
000216 e0e7      	LDI  R30,LOW(7)
000217 b9eb      	OUT  0xB,R30
                 ; 0000 0044 ConfiguraMax();
000218 dfbb      	RCALL _ConfiguraMax
                 ; 0000 0045 while (1)
                 _0x1B:
                 ; 0000 0046     {
                 ; 0000 0047     // Please write your application code here
                 ; 0000 0048         MandaMax7219(0x01FF);
000219 efaf      	LDI  R26,LOW(511)
00021a e0b1      	LDI  R27,HIGH(511)
00021b df9b      	RCALL _MandaMax7219
                 ; 0000 0049         MandaMax7219(0x02FF);
00021c efaf      	LDI  R26,LOW(767)
00021d e0b2      	LDI  R27,HIGH(767)
00021e df98      	RCALL _MandaMax7219
                 ; 0000 004A         MandaMax7219(0x03FF);
00021f efaf      	LDI  R26,LOW(1023)
000220 e0b3      	LDI  R27,HIGH(1023)
000221 df95      	RCALL _MandaMax7219
                 ; 0000 004B         MandaMax7219(0x04FF);
000222 efaf      	LDI  R26,LOW(1279)
000223 e0b4      	LDI  R27,HIGH(1279)
000224 df92      	RCALL _MandaMax7219
                 ; 0000 004C         MandaMax7219(0x05FF);
000225 efaf      	LDI  R26,LOW(1535)
000226 e0b5      	LDI  R27,HIGH(1535)
000227 df8f      	RCALL _MandaMax7219
                 ; 0000 004D         MandaMax7219(0x06FF);
000228 efaf      	LDI  R26,LOW(1791)
000229 e0b6      	LDI  R27,HIGH(1791)
00022a df8c      	RCALL _MandaMax7219
                 ; 0000 004E         MandaMax7219(0x07FF);
00022b efaf      	LDI  R26,LOW(2047)
00022c e0b7      	LDI  R27,HIGH(2047)
00022d df89      	RCALL _MandaMax7219
                 ; 0000 004F         MandaMax7219(0x08FF);
00022e efaf      	LDI  R26,LOW(2303)
00022f e0b8      	LDI  R27,HIGH(2303)
000230 df86      	RCALL _MandaMax7219
                 ; 0000 0050         delay_ms(2000);
000231 eda0      	LDI  R26,LOW(2000)
000232 e0b7      	LDI  R27,HIGH(2000)
000233 940e 023d 	CALL _delay_ms
                 ; 0000 0051         MandaLetra('F');
000235 e4a6      	LDI  R26,LOW(70)
000236 dfaf      	RCALL _MandaLetra
                 ; 0000 0052         delay_ms(2000);
000237 eda0      	LDI  R26,LOW(2000)
000238 e0b7      	LDI  R27,HIGH(2000)
000239 940e 023d 	CALL _delay_ms
                 ; 0000 0053     }
00023b cfdd      	RJMP _0x1B
                 ; 0000 0054 }
                 _0x1E:
00023c cfff      	RJMP _0x1E
                 ; .FEND
                 
                 	.CSEG
                 
                 	.CSEG
                 _delay_ms:
00023d 9610      	adiw r26,0
00023e f039      	breq __delay_ms1
                 __delay_ms0:
                +
00023f ef84     +LDI R24 , LOW ( 0x1F4 )
000240 e091     +LDI R25 , HIGH ( 0x1F4 )
                +__DELAY_USW_LOOP :
000241 9701     +SBIW R24 , 1
000242 f7f1     +BRNE __DELAY_USW_LOOP
                 	__DELAY_USW 0x1F4
000243 95a8      	wdr
000244 9711      	sbiw r26,1
000245 f7c9      	brne __delay_ms0
                 __delay_ms1:
000246 9508      	ret
                 
                 __SWAPW12:
000247 2e1b      	MOV  R1,R27
000248 2fbf      	MOV  R27,R31
000249 2df1      	MOV  R31,R1
                 
                 __SWAPB12:
00024a 2e1a      	MOV  R1,R26
00024b 2fae      	MOV  R26,R30
00024c 2de1      	MOV  R30,R1
00024d 9508      	RET
                 
                 ;END OF CODE MARKER
                 __END_OF_CODE:


RESOURCE USE INFORMATION
------------------------

Notice:
The register and instruction counts are symbol table hit counts,
and hence implicitly used resources are not counted, eg, the
'lpm' instruction without operands implicitly uses r0 and z,
none of which are counted.

x,y,z are separate entities in the symbol table and are
counted separately from r26..r31 here.

.dseg memory usage only counts static data declared with .byte

AT90USB1286 register use summary:
r0 :   1 r1 :   4 r2 :   0 r3 :   0 r4 :   0 r5 :   0 r6 :   0 r7 :   0 
r8 :   0 r9 :   0 r10:   0 r11:   0 r12:   0 r13:   0 r14:   0 r15:   0 
r16:   0 r17:  12 r18:   0 r19:   0 r20:   0 r21:   0 r22:   2 r23:   1 
r24:   9 r25:   3 r26:  32 r27:  25 r28:   3 r29:   1 r30:  38 r31:  14 
x  :   2 y  :  15 z  :   1 
Registers used: 16 out of 35 (45.7%)

AT90USB1286 instruction use summary:
.lds  :   0 .lds.l:   0 .sts  :   0 .sts.l:   0 adc   :   1 add   :   1 
adiw  :   3 and   :   0 andi  :   1 asr   :   0 bclr  :   0 bld   :   0 
brbc  :   0 brbs  :   0 brcc  :   0 brcs  :   0 break :   0 breq  :   1 
brge  :   0 brhc  :   0 brhs  :   0 brid  :   0 brie  :   0 brlo  :   0 
brlt  :   0 brmi  :   0 brne  :   5 brpl  :   0 brsh  :   2 brtc  :   0 
brts  :   0 brvc  :   0 brvs  :   0 bset  :   0 bst   :   0 call  :   3 
cbi   :   5 cbr   :   0 clc   :   0 clh   :   0 cli   :   1 cln   :   0 
clr   :   2 cls   :   0 clt   :   0 clv   :   0 clz   :   0 com   :   0 
cp    :   0 cpc   :   0 cpi   :   2 cpse  :   0 dec   :   1 des   :   0 
elpm  :   0 eor   :   0 fmul  :   0 fmuls :   0 fmulsu:   0 icall :   0 
ijmp  :   0 in    :   0 inc   :   0 jmp   :  39 ld    :   0 ldd   :   7 
ldi   :  61 lds   :   0 lpm   :   2 lsl   :   1 lsr   :   0 mov   :   8 
movw  :   4 mul   :   1 muls  :   0 mulsu :   0 neg   :   0 nop   :   0 
or    :   2 ori   :   0 out   :   9 pop   :   0 push  :   0 rcall :  19 
ret   :   5 reti  :   0 rjmp  :   5 rol   :   1 ror   :   0 sbc   :   1 
sbci  :   1 sbi   :   3 sbic  :   0 sbis  :   0 sbiw  :   3 sbr   :   0 
sbrc  :   0 sbrs  :   0 sec   :   0 seh   :   0 sei   :   0 sen   :   0 
ser   :   0 ses   :   0 set   :   0 sev   :   0 sez   :   0 sleep :   0 
spm   :   0 st    :   7 std   :   3 sts   :   0 sub   :   1 subi  :   4 
swap  :   0 tst   :   0 wdr   :   1 
Instructions used: 36 out of 117 (30.8%)

AT90USB1286 memory use summary [bytes]:
Segment   Begin    End      Code   Data   Used    Size   Use%
---------------------------------------------------------------
[.cseg] 0x000000 0x00049c    514    666   1180  131072   0.9%
[.dseg] 0x000100 0x000900      0      0      0    8192   0.0%
[.eseg] 0x000000 0x000000      0      0      0    4096   0.0%

Assembly complete, 0 errors, 1 warnings
