RAM Allocation [bytes]
Variable                                                                          Address   Size
------------------------------------------------------------------------------------------------
cursor                                                                            0x0900       1
prtc_get_time                                                                     0x0901       2
prtc_get_date                                                                     0x0903       2
v1                                                                                0x0905       4
v2                                                                                0x0909       4
v1I                                                                               0x090D       2
v1D                                                                               0x090F       2
v2I                                                                               0x0911       2
v2D                                                                               0x0913       2
fileName                                                                          0x0915      14
date                                                                              0x0923      32
text                                                                              0x0943      32
STM                                                                               0x0963       1
GS                                                                                0x0964       1
br                                                                                0x0965       2
br1                                                                               0x0967       2
buffer                                                                            0x0969     100
res                                                                               0x09CD       1
drive                                                                             0x09CE     562
archivo                                                                           0x0C00     544
H                                                                                 0x0E20       1
M                                                                                 0x0E21       1
S                                                                                 0x0E22       1
D                                                                                 0x0E23       1
Mes                                                                               0x0E24       1
A                                                                                 0x0E25       1
time                                                                              0x0E26      16
status                                                                            0x0E36       1
timer1                                                                            0x0E37       1
timer2                                                                            0x0E38       1
card_type                                                                         0x0E39       1
flags_S101000C000                                                                 0x0E3A       1
FatFs                                                                             0x0E3B       2
Fsid                                                                              0x0E3D       2
Drive                                                                             0x0E3F       1

EEPROM Allocation [bytes]
Variable                                                                          Address   Size
------------------------------------------------------------------------------------------------

Register Allocation
Variable                                                                          Register  Size
------------------------------------------------------------------------------------------------

FLASH Allocation [words]
Function                                                                          Address   Size
------------------------------------------------------------------------------------------------
SetupLCD                                                                          0x00131     44
PulseEn                                                                           0x0015D      3
SendDataBitsLCD                                                                   0x00160     27
WriteComandLCD                                                                    0x0017B     13
CharLCD                                                                           0x00188     13
StringLCD                                                                         0x00195     25
StringLCDVar                                                                      0x001AE     24
MoveCursor                                                                        0x001C6     31
read_adc                                                                          0x001E5     28
updateADC                                                                         0x00201     91
timer1_compa_isr                                                                  0x0025C     29
sd                                                                                0x00279     80
updateClock                                                                       0x002C9     25
printTime                                                                         0x002E2     56
main                                                                              0x0031A    227
ds1302_rst0_G100                                                                  0x003FD      5
ds1302_write0_G100                                                                0x00402     12
ds1302_write1_G100                                                                0x0040E     22
ds1302_read                                                                       0x00424     26
ds1302_write                                                                      0x0043E     13
rtc_init                                                                          0x0044B     30
rtc_get_time                                                                      0x00469     16
rtc_set_time                                                                      0x00479     11
rtc_get_date                                                                      0x00484     24
rtc_set_date                                                                      0x0049C     22
crc7_G101                                                                         0x004B2     29
wait_ready_G101                                                                   0x004CF     25
deselect_card_G101                                                                0x004E8      7
rx_datablock_G101                                                                 0x004EF    101
tx_datablock_G101                                                                 0x00554     67
send_cmd_G101                                                                     0x00597     99
rx_spi4_G101                                                                      0x005FA     20
disk_initialize                                                                   0x0060E    212
disk_status                                                                       0x006E2     10
disk_read                                                                         0x006EC    100
disk_write                                                                        0x00750    119
disk_ioctl                                                                        0x007C7    405
disk_timerproc                                                                    0x0095C     54
get_fattime                                                                       0x00992    129
chk_chrf_G102                                                                     0x00A13     23
move_window_G102                                                                  0x00A2A     99
sync_G102                                                                         0x00A8D    106
get_fat                                                                           0x00AF7    123
put_fat                                                                           0x00B72    154
remove_chain_G102                                                                 0x00C0C     88
create_chain_G102                                                                 0x00C64    199
clust2sect                                                                        0x00D2B     56
dir_seek_G102                                                                     0x00D63    146
dir_next_G102                                                                     0x00DF5    233
dir_find_G102                                                                     0x00EDE     46
dir_register_G102                                                                 0x00F0C     68
create_name_G102                                                                  0x00F50    174
follow_path_G102                                                                  0x00FFE    135
check_fs_G102                                                                     0x01085     54
chk_mounted                                                                       0x010BB    492
validate_G102                                                                     0x012A7     34
f_mount                                                                           0x012C9     45
f_open                                                                            0x012F6    313
f_write                                                                           0x0142F    467
f_sync                                                                            0x01602    147
f_close                                                                           0x01695     17
f_lseek                                                                           0x016A6    388
put_buff_G103                                                                     0x0182A     58
_print_G103                                                                       0x01864    316
sprintf                                                                           0x019A0     58
bcd2bin                                                                           0x019DA     13
bin2bcd                                                                           0x019E7     10
memcmp                                                                            0x019F1     25
memcpy                                                                            0x01A0A     18
memset                                                                            0x01A1C     16
strlen                                                                            0x01A2C     12
strlenf                                                                           0x01A38     13
