RAM Allocation [bytes]
Variable                                                                          Address   Size
------------------------------------------------------------------------------------------------
cursor                                                                            0x0900       1
prtc_get_time                                                                     0x0901       2
prtc_get_date                                                                     0x0903       2
H                                                                                 0x0905       1
M                                                                                 0x0906       1
S                                                                                 0x0907       1
time                                                                              0x0908      16
v1                                                                                0x0918       4
v2                                                                                0x091C       4
v1I                                                                               0x0920       2
v1D                                                                               0x0922       2
v2I                                                                               0x0924       2
v2D                                                                               0x0926       2
status (sdcard.lib)                                                               0x0928       1
timer1 (sdcard.lib)                                                               0x0929       1
timer2 (sdcard.lib)                                                               0x092A       1
card_type (sdcard.lib)                                                            0x092B       1
flags_S101000C000 (sdcard.lib)                                                    0x092C       1
FatFs (ff.lib)                                                                    0x092D       2
Fsid (ff.lib)                                                                     0x092F       2
Drive (ff.lib)                                                                    0x0931       1

EEPROM Allocation [bytes]
Variable                                                                          Address   Size
------------------------------------------------------------------------------------------------

Register Allocation
Variable                                                                          Register  Size
------------------------------------------------------------------------------------------------

FLASH Allocation [words]
Function                                                                          Address   Size
------------------------------------------------------------------------------------------------
SetupLCD                                                                          0x000ED     43
PulseEn                                                                           0x00118      3
SendDataBitsLCD                                                                   0x0011B     24
WriteComandLCD                                                                    0x00133     27
timer1_compa_isr                                                                  0x0014E     28
main                                                                              0x0016A     38
ds1302_rst0_G100                                                                  0x00190      5
ds1302_write0_G100                                                                0x00195     13
ds1302_write1_G100                                                                0x001A2     22
ds1302_write                                                                      0x001B8     14
rtc_init                                                                          0x001C6     32
wait_ready_G101                                                                   0x001E6     25
deselect_card_G101                                                                0x001FF      7
send_cmd_G101                                                                     0x00206     87
rx_spi4_G101                                                                      0x0025D     22
disk_initialize                                                                   0x00273    204
disk_timerproc                                                                    0x0033F     54
