RAM Allocation [bytes]
Variable                                                                          Address   Size
------------------------------------------------------------------------------------------------
cursor                                                                            0x0900       1
prtc_get_time                                                                     0x0901       2
prtc_get_date                                                                     0x0903       2
v1                                                                                0x0905       4
v2                                                                                0x0909       4
v1I                                                                               0x090D       2
v1D                                                                               0x090F       2
v2I                                                                               0x0911       2
v2D                                                                               0x0913       2
fileName                                                                          0x0915      14
text                                                                              0x0923      32
STM                                                                               0x0943       1
GS                                                                                0x0944       1
br                                                                                0x0945       2
br1                                                                               0x0947       2
buffer                                                                            0x0949     100
res                                                                               0x09AD       1
drive                                                                             0x09AE     562
archivo                                                                           0x0BE0     544
sizeTExt                                                                          0x0E00       2
H                                                                                 0x0E02       1
M                                                                                 0x0E03       1
S                                                                                 0x0E04       1
D                                                                                 0x0E05       1
Mes                                                                               0x0E06       1
A                                                                                 0x0E07       1
time                                                                              0x0E08      16
status                                                                            0x0E18       1
timer1                                                                            0x0E19       1
timer2                                                                            0x0E1A       1
card_type                                                                         0x0E1B       1
flags_S101000C000                                                                 0x0E1C       1
FatFs                                                                             0x0E1D       2
Fsid                                                                              0x0E1F       2
Drive                                                                             0x0E21       1

EEPROM Allocation [bytes]
Variable                                                                          Address   Size
------------------------------------------------------------------------------------------------

Register Allocation
Variable                                                                          Register  Size
------------------------------------------------------------------------------------------------

FLASH Allocation [words]
Function                                                                          Address   Size
------------------------------------------------------------------------------------------------
SetupLCD                                                                          0x0011A     44
PulseEn                                                                           0x00146      3
SendDataBitsLCD                                                                   0x00149     27
WriteComandLCD                                                                    0x00164     13
CharLCD                                                                           0x00171     13
StringLCD                                                                         0x0017E     25
StringLCDVar                                                                      0x00197     24
MoveCursor                                                                        0x001AF     31
read_adc                                                                          0x001CE     28
updateADC                                                                         0x001EA     91
timer1_compa_isr                                                                  0x00245     29
sd                                                                                0x00262    105
updateClock                                                                       0x002CB     25
printTime                                                                         0x002E4     51
main                                                                              0x00317    194
ds1302_rst0_G100                                                                  0x003D9      5
ds1302_write0_G100                                                                0x003DE     12
ds1302_write1_G100                                                                0x003EA     22
ds1302_read                                                                       0x00400     26
ds1302_write                                                                      0x0041A     13
rtc_init                                                                          0x00427     30
rtc_get_time                                                                      0x00445     16
rtc_set_time                                                                      0x00455     11
rtc_get_date                                                                      0x00460     24
rtc_set_date                                                                      0x00478     22
crc7_G101                                                                         0x0048E     29
wait_ready_G101                                                                   0x004AB     25
deselect_card_G101                                                                0x004C4      7
rx_datablock_G101                                                                 0x004CB    101
tx_datablock_G101                                                                 0x00530     67
send_cmd_G101                                                                     0x00573     99
rx_spi4_G101                                                                      0x005D6     20
disk_initialize                                                                   0x005EA    212
disk_status                                                                       0x006BE     10
disk_read                                                                         0x006C8    100
disk_write                                                                        0x0072C    119
disk_ioctl                                                                        0x007A3    405
disk_timerproc                                                                    0x00938     54
get_fattime                                                                       0x0096E    129
chk_chrf_G102                                                                     0x009EF     23
move_window_G102                                                                  0x00A06     99
sync_G102                                                                         0x00A69    106
get_fat                                                                           0x00AD3    123
put_fat                                                                           0x00B4E    154
remove_chain_G102                                                                 0x00BE8     88
create_chain_G102                                                                 0x00C40    199
clust2sect                                                                        0x00D07     56
dir_seek_G102                                                                     0x00D3F    146
dir_next_G102                                                                     0x00DD1    233
dir_find_G102                                                                     0x00EBA     46
dir_register_G102                                                                 0x00EE8     68
create_name_G102                                                                  0x00F2C    174
follow_path_G102                                                                  0x00FDA    135
check_fs_G102                                                                     0x01061     50
chk_mounted                                                                       0x01093    492
validate_G102                                                                     0x0127F     34
f_mount                                                                           0x012A1     45
f_open                                                                            0x012CE    313
f_read                                                                            0x01407    353
f_write                                                                           0x01568    408
f_sync                                                                            0x01700    137
f_close                                                                           0x01789     17
f_lseek                                                                           0x0179A    386
put_buff_G103                                                                     0x0191C     58
_print_G103                                                                       0x01956    316
sprintf                                                                           0x01A92     58
bcd2bin                                                                           0x01ACC     13
bin2bcd                                                                           0x01AD9     10
memcmp                                                                            0x01AE3     25
memcpy                                                                            0x01AFC     18
memset                                                                            0x01B0E     16
strlen                                                                            0x01B1E     12
strlenf                                                                           0x01B2A     13
