RAM Allocation [bytes]
Variable                                                                          Address   Size
------------------------------------------------------------------------------------------------
cursor                                                                            0x0900       1
alarmFlag                                                                         0x0901       1
H                                                                                 0x0902       1
M                                                                                 0x0903       1
S                                                                                 0x0904       1
time                                                                              0x0905      16
temperature                                                                       0x0915       4
tempInt                                                                           0x0919       2
tempDec                                                                           0x091B       2
i                                                                                 0x091D       1
k                                                                                 0x091E       2
kFlag                                                                             0x0920       1

EEPROM Allocation [bytes]
Variable                                                                          Address   Size
------------------------------------------------------------------------------------------------
AH                                                                                0x0000       1
AM                                                                                0x0001       1

Register Allocation
Variable                                                                          Register  Size
------------------------------------------------------------------------------------------------

FLASH Allocation [words]
Function                                                                          Address   Size
------------------------------------------------------------------------------------------------
SetupLCD                                                                          0x00092     43
PulseEn                                                                           0x000BD      3
SendDataBitsLCD                                                                   0x000C0     24
WriteComandLCD                                                                    0x000D8      5
CharLCD                                                                           0x000DD     27
StringLCDVar                                                                      0x000F8     22
MoveCursor                                                                        0x0010E     31
read_adc                                                                          0x0012D     26
updateADC                                                                         0x00147     54
tono                                                                              0x0017D     70
playTone                                                                          0x001C3     33
printTime                                                                         0x001E4     56
updateClock                                                                       0x0021C      2
main                                                                              0x0021E    201
ds1302_rst0_G100                                                                  0x002E7      5
ds1302_write0_G100                                                                0x002EC     13
ds1302_write1_G100                                                                0x002F9     22
ds1302_read                                                                       0x0030F     26
ds1302_write                                                                      0x00329     12
rtc_init                                                                          0x00335     19
rtc_get_time                                                                      0x00348     27
rtc_set_time                                                                      0x00363     27
put_buff_G101                                                                     0x0037E     43
_print_G101                                                                       0x003A9    294
sprintf                                                                           0x004CF     49
bcd2bin                                                                           0x00500     13
bin2bcd                                                                           0x0050D     10
strlen                                                                            0x00517     12
strlenf                                                                           0x00523     13
