RAM Allocation [bytes]
Variable                                                                          Address   Size
------------------------------------------------------------------------------------------------
cursor                                                                            0x0900       1
alarmFlag                                                                         0x0901       1
H                                                                                 0x0902       1
M                                                                                 0x0903       1
S                                                                                 0x0904       1
time                                                                              0x0905      16
temperature                                                                       0x0915       4
Temp                                                                              0x0919       2
i                                                                                 0x091B       1
k                                                                                 0x091C       2
kFlag                                                                             0x091E       1

EEPROM Allocation [bytes]
Variable                                                                          Address   Size
------------------------------------------------------------------------------------------------
AH                                                                                0x0000       1
AM                                                                                0x0001       1

Register Allocation
Variable                                                                          Register  Size
------------------------------------------------------------------------------------------------

FLASH Allocation [words]
Function                                                                          Address   Size
------------------------------------------------------------------------------------------------
SetupLCD                                                                          0x0008D     43
PulseEn                                                                           0x000B8      3
SendDataBitsLCD                                                                   0x000BB     24
WriteComandLCD                                                                    0x000D3      5
CharLCD                                                                           0x000D8     27
StringLCDVar                                                                      0x000F3     22
MoveCursor                                                                        0x00109     31
read_adc                                                                          0x00128     26
updateADC                                                                         0x00142     31
tono                                                                              0x00161     70
playTone                                                                          0x001A7     33
printTime                                                                         0x001C8     49
updateClock                                                                       0x001F9      2
main                                                                              0x001FB    186
ds1302_rst0_G100                                                                  0x002B5      5
ds1302_write0_G100                                                                0x002BA     13
ds1302_write1_G100                                                                0x002C7     22
ds1302_read                                                                       0x002DD     26
ds1302_write                                                                      0x002F7     12
rtc_init                                                                          0x00303     19
rtc_get_time                                                                      0x00316     27
rtc_set_time                                                                      0x00331     27
put_buff_G101                                                                     0x0034C     43
_print_G101                                                                       0x00377    294
sprintf                                                                           0x0049D     49
bcd2bin                                                                           0x004CE     13
bin2bcd                                                                           0x004DB     10
strlen                                                                            0x004E5     12
strlenf                                                                           0x004F1     13
