RAM Allocation [bytes]
Variable                                                                          Address   Size
------------------------------------------------------------------------------------------------
cursor                                                                            0x0900       1
alarmFlag                                                                         0x0901       1
H                                                                                 0x0902       1
M                                                                                 0x0903       1
S                                                                                 0x0904       1
time                                                                              0x0905      16
temperature                                                                       0x0915       4
Temp                                                                              0x0919       2
i                                                                                 0x091B       4

EEPROM Allocation [bytes]
Variable                                                                          Address   Size
------------------------------------------------------------------------------------------------
AH                                                                                0x0000       1
AM                                                                                0x0001       1

Register Allocation
Variable                                                                          Register  Size
------------------------------------------------------------------------------------------------

FLASH Allocation [words]
Function                                                                          Address   Size
------------------------------------------------------------------------------------------------
SetupLCD                                                                          0x0B7A0     45
PulseEn                                                                           0x0B7CD      3
SendDataBitsLCD                                                                   0x0B7D0     27
WriteComandLCD                                                                    0x0B7EB     13
CharLCD                                                                           0x0B7F8     13
StringLCDVar                                                                      0x0B805     24
MoveCursor                                                                        0x0B81D     31
read_adc                                                                          0x0B83C     28
updateADC                                                                         0x0B858     35
tono                                                                              0x0B87B     77
playTone                                                                          0x0B8C8     35
printTime                                                                         0x0B8EB     67
updateClock                                                                       0x0B92E      3
main                                                                              0x0B931    206
ds1302_rst0_G100                                                                  0x0B9FF      5
ds1302_write0_G100                                                                0x0BA04     12
ds1302_write1_G100                                                                0x0BA10     22
ds1302_read                                                                       0x0BA26     27
ds1302_write                                                                      0x0BA41     13
rtc_init                                                                          0x0BA4E     32
rtc_get_time                                                                      0x0BA6E     22
rtc_set_time                                                                      0x0BA84     32
put_buff_G101                                                                     0x0BAA4     64
_print_G101                                                                       0x0BAE4    330
sprintf                                                                           0x0BC2E     52
bcd2bin                                                                           0x0BC62     13
bin2bcd                                                                           0x0BC6F     10
strlen                                                                            0x0BC79     12
strlenf                                                                           0x0BC85     16
